ASxxxx Linker V02.00 + NoICE + sdld,  page 1.
Hexadecimal

Area                               Addr   Size   Decimal Bytes (Attributes)
--------------------------------   ----   ----   ------- ----- ------------
CABS                               0000   0000 =      0. bytes (ABS,CON,CODE)

      Value  Global                              Global Defined In Module
      -----  ---------------------------------   ------------------------
       0C:  0000  l_CABS                           
       0C:  0000  l_GSINIT                         
       0C:  0000  l_GSINIT1                        
       0C:  0000  l_GSINIT5                        
       0C:  0000  l_IABS                           
       0C:  0000  l_PSEG                           
       0C:  0000  l_REG_BANK_1                     
       0C:  0000  l_REG_BANK_2                     
       0C:  0000  l_REG_BANK_3                     
       0C:  0000  l_RSEG                           
       0C:  0000  l_RSEG0                          
       0C:  0000  l_RSEG1                          
       0C:  0000  l_XABS                           
       0C:  0000  l_XINIT                          
       0C:  0000  l_XISEG                          
       0C:  0000  l__CODE                          
       0C:  0000  s_BSEG                           
       0C:  0000  s_CABS                           
       0C:  0000  s_DSEG                           
       0C:  0000  s_HOME                           
       0C:  0000  s_IABS                           
       0C:  0000  s_ISEG                           
       0C:  0000  s_PSEG                           
       0C:  0000  s_REG_BANK_0                     
       0C:  0000  s_RSEG                           
       0C:  0000  s_RSEG0                          
       0C:  0000  s_RSEG1                          
       0C:  0000  s_XABS                           
       0C:  0000  s_XSEG                           
       0C:  0001  l_BIT_BANK                       
       0C:  0002  l_BSEG_BYTES                     
       0C:  0003  l_GSFINAL                        
       0C:  0003  l_GSINIT0                        
       0C:  0006  l_ISEG                           
       0C:  0008  l_REG_BANK_0                     
       0C:  0008  s_REG_BANK_1                     
       0C:  000A  l_GSINIT2                        
       0C:  000C  l_OSEG                           
       0C:  000E  l_BSEG                           
       0C:  0010  s_REG_BANK_2                     
       0C:  0013  l_HOME                           
       0C:  0013  s_GSINIT0                        
       0C:  0016  s_GSINIT1                        
       0C:  0016  s_GSINIT2                        
       0C:  0018  s_REG_BANK_3                     
       0C:  0020  s_BSEG_BYTES                     
       0C:  0020  s_GSINIT3                        
       0C:  0020  s__CODE                          
       0C:  0022  l_GSINIT3                        
       0C:  0022  s_BIT_BANK                       
ASxxxx Linker V02.00 + NoICE + sdld,  page 2.
Hexadecimal

Area                               Addr   Size   Decimal Bytes (Attributes)
--------------------------------   ----   ----   ------- ----- ------------
CABS                               0000   0000 =      0. bytes (ABS,CON,CODE)

      Value  Global                              Global Defined In Module
      -----  ---------------------------------   ------------------------
       0C:  002A  l_GSINIT4                        
       0C:  0042  s_GSINIT4                        
       0C:  006C  s_GSFINAL                        
       0C:  006C  s_GSINIT                         
       0C:  006C  s_GSINIT5                        
       0C:  006C  s_OSEG                           
       0C:  006F  s_CSEG                           
       0C:  0078  s_SSEG                           
       0C:  007D  l_DSEG                           
       0C:  0088  l_SSEG                           
       0C:  0100  l_IRAM                           
       0C:  0210  l_XSEG                           
       0C:  0210  s_XISEG                          
       0C:  022D  l_CONST                          
       0C:  1624  l_CSEG                           
       0C:  1693  s_CONST                          
       0C:  18C0  s_XINIT                          

ASxxxx Linker V02.00 + NoICE + sdld,  page 3.
Hexadecimal

Area                               Addr   Size   Decimal Bytes (Attributes)
--------------------------------   ----   ----   ------- ----- ------------
XABS                               0000   0000 =      0. bytes (ABS,CON,XDATA)

      Value  Global                              Global Defined In Module
      -----  ---------------------------------   ------------------------
ASxxxx Linker V02.00 + NoICE + sdld,  page 4.
Hexadecimal

Area                               Addr   Size   Decimal Bytes (Attributes)
--------------------------------   ----   ----   ------- ----- ------------
IABS                               0000   0000 =      0. bytes (ABS,CON)

      Value  Global                              Global Defined In Module
      -----  ---------------------------------   ------------------------
ASxxxx Linker V02.00 + NoICE + sdld,  page 5.
Hexadecimal

Area                               Addr   Size   Decimal Bytes (Attributes)
--------------------------------   ----   ----   ------- ----- ------------
RSEG1                              0000   0000 =      0. bytes (ABS,CON)

      Value  Global                              Global Defined In Module
      -----  ---------------------------------   ------------------------
ASxxxx Linker V02.00 + NoICE + sdld,  page 6.
Hexadecimal

Area                               Addr   Size   Decimal Bytes (Attributes)
--------------------------------   ----   ----   ------- ----- ------------
RSEG0                              0000   0000 =      0. bytes (ABS,CON)

      Value  Global                              Global Defined In Module
      -----  ---------------------------------   ------------------------
ASxxxx Linker V02.00 + NoICE + sdld,  page 7.
Hexadecimal

Area                               Addr   Size   Decimal Bytes (Attributes)
--------------------------------   ----   ----   ------- ----- ------------
RSEG                               0000   0000 =      0. bytes (ABS,CON)

      Value  Global                              Global Defined In Module
      -----  ---------------------------------   ------------------------
ASxxxx Linker V02.00 + NoICE + sdld,  page 8.
Hexadecimal

Area                               Addr   Size   Decimal Bytes (Attributes)
--------------------------------   ----   ----   ------- ----- ------------
.	.ABS.                            0000   0000 =      0. bytes (ABS,CON)

      Value  Global                              Global Defined In Module
      -----  ---------------------------------   ------------------------
            0000  .__.ABS.                         
            0080  G$P0$0$0                         
            0080  G$P0_0$0$0                       
            0080  _P0                              
            0080  _P0_0                            
            0081  G$P0_1$0$0                       
            0081  G$SP$0$0                         
            0081  _P0_1                            
            0081  _SP                              
            0082  G$DPL$0$0                        
            0082  G$P0_2$0$0                       
            0082  _DPL                             
            0082  _P0_2                            
            0083  G$DPH$0$0                        
            0083  G$P0_3$0$0                       
            0083  _DPH                             
            0083  _P0_3                            
            0084  G$P0_4$0$0                       
            0084  _P0_4                            
            0085  G$P0_5$0$0                       
            0085  _P0_5                            
            0086  G$P0_6$0$0                       
            0086  _P0_6                            
            0087  G$P0_7$0$0                       
            0087  G$PCON$0$0                       
            0087  _P0_7                            
            0087  _PCON                            
            0088  G$IT0$0$0                        
            0088  G$TCON$0$0                       
            0088  _IT0                             
            0088  _TCON                            
            0089  G$IE0$0$0                        
            0089  G$TMOD$0$0                       
            0089  _IE0                             
            0089  _TMOD                            
            008A  G$IT1$0$0                        
            008A  G$TL0$0$0                        
            008A  _IT1                             
            008A  _TL0                             
            008B  G$IE1$0$0                        
            008B  G$TL1$0$0                        
            008B  _IE1                             
            008B  _TL1                             
            008C  G$TH0$0$0                        
            008C  G$TR0$0$0                        
            008C  _TH0                             
            008C  _TR0                             
            008D  G$TF0$0$0                        
            008D  G$TH1$0$0                        
            008D  _TF0                             
ASxxxx Linker V02.00 + NoICE + sdld,  page 9.
Hexadecimal

Area                               Addr   Size   Decimal Bytes (Attributes)
--------------------------------   ----   ----   ------- ----- ------------
.	.ABS.                            0000   0000 =      0. bytes (ABS,CON)

      Value  Global                              Global Defined In Module
      -----  ---------------------------------   ------------------------
            008D  _TH1                             
            008E  G$AUXR$0$0                       
            008E  G$TR1$0$0                        
            008E  _AUXR                            
            008E  _TR1                             
            008F  G$CKCON$0$0                      
            008F  G$CKCON0$0$0                     
            008F  G$TF1$0$0                        
            008F  _CKCON                           
            008F  _CKCON0                          
            008F  _TF1                             
            0090  G$P1$0$0                         
            0090  G$P1_0$0$0                       
            0090  _P1                              
            0090  _P1_0                            
            0091  G$P1_1$0$0                       
            0091  _P1_1                            
            0092  G$P1_2$0$0                       
            0092  _P1_2                            
            0093  G$P1_3$0$0                       
            0093  _P1_3                            
            0094  G$P1_4$0$0                       
            0094  _P1_4                            
            0095  G$P1_5$0$0                       
            0095  _P1_5                            
            0096  G$P1_6$0$0                       
            0096  _P1_6                            
            0097  G$P1_7$0$0                       
            0097  _P1_7                            
            0098  G$RI$0$0                         
            0098  G$SCON$0$0                       
            0098  _RI                              
            0098  _SCON                            
            0099  G$SBUF$0$0                       
            0099  G$TI$0$0                         
            0099  _SBUF                            
            0099  _TI                              
            009A  G$RB8$0$0                        
            009A  _RB8                             
            009B  G$CANGIT$0$0                     
            009B  G$TB8$0$0                        
            009B  _CANGIT                          
            009B  _TB8                             
            009C  G$CANTEC$0$0                     
            009C  G$REN$0$0                        
            009C  _CANTEC                          
            009C  _REN                             
            009D  G$CANREC$0$0                     
            009D  G$SM2$0$0                        
            009D  _CANREC                          
            009D  _SM2                             
ASxxxx Linker V02.00 + NoICE + sdld,  page 10.
Hexadecimal

Area                               Addr   Size   Decimal Bytes (Attributes)
--------------------------------   ----   ----   ------- ----- ------------
.	.ABS.                            0000   0000 =      0. bytes (ABS,CON)

      Value  Global                              Global Defined In Module
      -----  ---------------------------------   ------------------------
            009E  G$SM1$0$0                        
            009E  _SM1                             
            009F  G$CKCON1$0$0                     
            009F  G$FE$0$0                         
            009F  G$SM0$0$0                        
            009F  _CKCON1                          
            009F  _FE                              
            009F  _SM0                             
            00A0  G$P2$0$0                         
            00A0  G$P2_0$0$0                       
            00A0  _P2                              
            00A0  _P2_0                            
            00A0  __XPAGE                          
            00A1  G$CANTCON$0$0                    
            00A1  G$P2_1$0$0                       
            00A1  _CANTCON                         
            00A1  _P2_1                            
            00A2  G$AUXR1$0$0                      
            00A2  G$P2_2$0$0                       
            00A2  _AUXR1                           
            00A2  _P2_2                            
            00A3  G$CANMSG$0$0                     
            00A3  G$P2_3$0$0                       
            00A3  _CANMSG                          
            00A3  _P2_3                            
            00A4  G$CANTTCL$0$0                    
            00A4  G$P2_4$0$0                       
            00A4  _CANTTCL                         
            00A4  _P2_4                            
            00A5  G$CANTTCH$0$0                    
            00A5  G$P2_5$0$0                       
            00A5  _CANTTCH                         
            00A5  _P2_5                            
            00A6  G$P2_6$0$0                       
            00A6  G$WDTRST$0$0                     
            00A6  _P2_6                            
            00A6  _WDTRST                          
            00A7  G$P2_7$0$0                       
            00A7  G$WDTPRG$0$0                     
            00A7  _P2_7                            
            00A7  _WDTPRG                          
            00A8  G$EX0$0$0                        
            00A8  G$IE$0$0                         
            00A8  G$IEN$0$0                        
            00A8  G$IEN0$0$0                       
            00A8  _EX0                             
            00A8  _IE                              
            00A8  _IEN                             
            00A8  _IEN0                            
            00A9  G$ET0$0$0                        
            00A9  G$SADDR$0$0                      
ASxxxx Linker V02.00 + NoICE + sdld,  page 11.
Hexadecimal

Area                               Addr   Size   Decimal Bytes (Attributes)
--------------------------------   ----   ----   ------- ----- ------------
.	.ABS.                            0000   0000 =      0. bytes (ABS,CON)

      Value  Global                              Global Defined In Module
      -----  ---------------------------------   ------------------------
            00A9  _ET0                             
            00A9  _SADDR                           
            00AA  G$CANGSTA$0$0                    
            00AA  G$EX1$0$0                        
            00AA  _CANGSTA                         
            00AA  _EX1                             
            00AB  G$CANGCON$0$0                    
            00AB  G$ET1$0$0                        
            00AB  _CANGCON                         
            00AB  _ET1                             
            00AC  G$CANTIML$0$0                    
            00AC  G$ES$0$0                         
            00AC  _CANTIML                         
            00AC  _ES                              
            00AD  G$CANTIMH$0$0                    
            00AD  G$ET2$0$0                        
            00AD  _CANTIMH                         
            00AD  _ET2                             
            00AE  G$CANSTMPL$0$0                   
            00AE  G$EC$0$0                         
            00AE  _CANSTMPL                        
            00AE  _EC                              
            00AF  G$CANSTMPH$0$0                   
            00AF  G$EA$0$0                         
            00AF  _CANSTMPH                        
            00AF  _EA                              
            00B0  G$P3$0$0                         
            00B0  G$P3_0$0$0                       
            00B0  G$RXD$0$0                        
            00B0  _P3                              
            00B0  _P3_0                            
            00B0  _RXD                             
            00B1  G$CANPAGE$0$0                    
            00B1  G$P3_1$0$0                       
            00B1  G$TXD$0$0                        
            00B1  _CANPAGE                         
            00B1  _P3_1                            
            00B1  _TXD                             
            00B2  G$CANSTCH$0$0                    
            00B2  G$INT0$0$0                       
            00B2  G$P3_2$0$0                       
            00B2  _CANSTCH                         
            00B2  _INT0                            
            00B2  _P3_2                            
            00B3  G$CANCONCH$0$0                   
            00B3  G$INT1$0$0                       
            00B3  G$P3_3$0$0                       
            00B3  _CANCONCH                        
            00B3  _INT1                            
            00B3  _P3_3                            
            00B4  G$CANBT1$0$0                     
ASxxxx Linker V02.00 + NoICE + sdld,  page 12.
Hexadecimal

Area                               Addr   Size   Decimal Bytes (Attributes)
--------------------------------   ----   ----   ------- ----- ------------
.	.ABS.                            0000   0000 =      0. bytes (ABS,CON)

      Value  Global                              Global Defined In Module
      -----  ---------------------------------   ------------------------
            00B4  G$P3_4$0$0                       
            00B4  G$T0$0$0                         
            00B4  _CANBT1                          
            00B4  _P3_4                            
            00B4  _T0                              
            00B5  G$CANBT2$0$0                     
            00B5  G$P3_5$0$0                       
            00B5  G$T1$0$0                         
            00B5  _CANBT2                          
            00B5  _P3_5                            
            00B5  _T1                              
            00B6  G$CANBT3$0$0                     
            00B6  G$P3_6$0$0                       
            00B6  G$WR$0$0                         
            00B6  _CANBT3                          
            00B6  _P3_6                            
            00B6  _WR                              
            00B7  G$IPH0$0$0                       
            00B7  G$P3_7$0$0                       
            00B7  G$RD$0$0                         
            00B7  _IPH0                            
            00B7  _P3_7                            
            00B7  _RD                              
            00B8  G$IP$0$0                         
            00B8  G$IPL0$0$0                       
            00B8  G$PX0$0$0                        
            00B8  _IP                              
            00B8  _IPL0                            
            00B8  _PX0                             
            00B9  G$PT0$0$0                        
            00B9  G$SADEN$0$0                      
            00B9  _PT0                             
            00B9  _SADEN                           
            00BA  G$CANSIT1$0$0                    
            00BA  G$PX1$0$0                        
            00BA  _CANSIT1                         
            00BA  _PX1                             
            00BB  G$CANSIT2$0$0                    
            00BB  G$PT1$0$0                        
            00BB  _CANSIT2                         
            00BB  _PT1                             
            00BC  G$CANIDT1$0$0                    
            00BC  G$PS$0$0                         
            00BC  _CANIDT1                         
            00BC  _PS                              
            00BD  G$CANIDT2$0$0                    
            00BD  _CANIDT2                         
            00BE  G$CANIDT3$0$0                    
            00BE  _CANIDT3                         
            00BF  G$CANIDT4$0$0                    
            00BF  _CANIDT4                         
ASxxxx Linker V02.00 + NoICE + sdld,  page 13.
Hexadecimal

Area                               Addr   Size   Decimal Bytes (Attributes)
--------------------------------   ----   ----   ------- ----- ------------
.	.ABS.                            0000   0000 =      0. bytes (ABS,CON)

      Value  Global                              Global Defined In Module
      -----  ---------------------------------   ------------------------
            00C0  G$P4$0$0                         
            00C0  G$P4_0$0$0                       
            00C0  _P4                              
            00C0  _P4_0                            
            00C1  G$CANGIE$0$0                     
            00C1  G$P4_1$0$0                       
            00C1  _CANGIE                          
            00C1  _P4_1                            
            00C2  G$CANIE1$0$0                     
            00C2  G$P4_2$0$0                       
            00C2  _CANIE1                          
            00C2  _P4_2                            
            00C3  G$CANIE2$0$0                     
            00C3  G$P4_3$0$0                       
            00C3  _CANIE2                          
            00C3  _P4_3                            
            00C4  G$CANIDM1$0$0                    
            00C4  G$P4_4$0$0                       
            00C4  _CANIDM1                         
            00C4  _P4_4                            
            00C5  G$CANIDM2$0$0                    
            00C5  G$P4_5$0$0                       
            00C5  _CANIDM2                         
            00C5  _P4_5                            
            00C6  G$CANIDM3$0$0                    
            00C6  G$P4_6$0$0                       
            00C6  _CANIDM3                         
            00C6  _P4_6                            
            00C7  G$CANIDM4$0$0                    
            00C7  G$P4_7$0$0                       
            00C7  _CANIDM4                         
            00C7  _P4_7                            
            00C8  G$CP_RL2$0$0                     
            00C8  G$T2CON$0$0                      
            00C8  _CP_RL2                          
            00C8  _T2CON                           
            00C9  G$C_T2$0$0                       
            00C9  G$T2MOD$0$0                      
            00C9  _C_T2                            
            00C9  _T2MOD                           
            00CA  G$RCAP2L$0$0                     
            00CA  G$TR2$0$0                        
            00CA  _RCAP2L                          
            00CA  _TR2                             
            00CB  G$EXEN2$0$0                      
            00CB  G$RCAP2H$0$0                     
            00CB  _EXEN2                           
            00CB  _RCAP2H                          
            00CC  G$TCLK$0$0                       
            00CC  G$TL2$0$0                        
            00CC  _TCLK                            
ASxxxx Linker V02.00 + NoICE + sdld,  page 14.
Hexadecimal

Area                               Addr   Size   Decimal Bytes (Attributes)
--------------------------------   ----   ----   ------- ----- ------------
.	.ABS.                            0000   0000 =      0. bytes (ABS,CON)

      Value  Global                              Global Defined In Module
      -----  ---------------------------------   ------------------------
            00CC  _TL2                             
            00CD  G$RCLK$0$0                       
            00CD  G$TH2$0$0                        
            00CD  _RCLK                            
            00CD  _TH2                             
            00CE  G$CANEN1$0$0                     
            00CE  G$EXF2$0$0                       
            00CE  _CANEN1                          
            00CE  _EXF2                            
            00CF  G$CANEN2$0$0                     
            00CF  G$TF2$0$0                        
            00CF  _CANEN2                          
            00CF  _TF2                             
            00D0  G$P$0$0                          
            00D0  G$PSW$0$0                        
            00D0  _P                               
            00D0  _PSW                             
            00D1  G$F1$0$0                         
            00D1  G$FCON$0$0                       
            00D1  G$UD$0$0                         
            00D1  _F1                              
            00D1  _FCON                            
            00D1  _UD                              
            00D2  G$EECON$0$0                      
            00D2  G$OV$0$0                         
            00D2  _EECON                           
            00D2  _OV                              
            00D3  G$FSTA$0$0                       
            00D3  G$RS0$0$0                        
            00D3  _FSTA                            
            00D3  _RS0                             
            00D4  G$RS1$0$0                        
            00D4  G$SPCON$0$0                      
            00D4  _RS1                             
            00D4  _SPCON                           
            00D5  G$F0$0$0                         
            00D5  G$SPSCR$0$0                      
            00D5  _F0                              
            00D5  _SPSCR                           
            00D6  G$AC$0$0                         
            00D6  G$SPDAT$0$0                      
            00D6  _AC                              
            00D6  _SPDAT                           
            00D7  G$CY$0$0                         
            00D7  _CY                              
            00D8  G$CCF0$0$0                       
            00D8  G$CCON$0$0                       
            00D8  _CCF0                            
            00D8  _CCON                            
            00D9  G$CCF1$0$0                       
            00D9  G$CMOD$0$0                       
ASxxxx Linker V02.00 + NoICE + sdld,  page 15.
Hexadecimal

Area                               Addr   Size   Decimal Bytes (Attributes)
--------------------------------   ----   ----   ------- ----- ------------
.	.ABS.                            0000   0000 =      0. bytes (ABS,CON)

      Value  Global                              Global Defined In Module
      -----  ---------------------------------   ------------------------
            00D9  _CCF1                            
            00D9  _CMOD                            
            00DA  G$CCAPM0$0$0                     
            00DA  G$CCF2$0$0                       
            00DA  _CCAPM0                          
            00DA  _CCF2                            
            00DB  G$CCAPM1$0$0                     
            00DB  G$CCF3$0$0                       
            00DB  _CCAPM1                          
            00DB  _CCF3                            
            00DC  G$CCAPM2$0$0                     
            00DC  G$CCF4$0$0                       
            00DC  _CCAPM2                          
            00DC  _CCF4                            
            00DD  G$CCAPM3$0$0                     
            00DD  _CCAPM3                          
            00DE  G$CCAPM4$0$0                     
            00DE  G$CR$0$0                         
            00DE  _CCAPM4                          
            00DE  _CR                              
            00DF  G$CF$0$0                         
            00DF  _CF                              
            00E0  G$ACC$0$0                        
            00E0  G$ACC_0$0$0                      
            00E0  _ACC                             
            00E0  _ACC_0                           
            00E1  G$ACC_1$0$0                      
            00E1  _ACC_1                           
            00E2  G$ACC_2$0$0                      
            00E2  _ACC_2                           
            00E3  G$ACC_3$0$0                      
            00E3  _ACC_3                           
            00E4  G$ACC_4$0$0                      
            00E4  _ACC_4                           
            00E5  G$ACC_5$0$0                      
            00E5  _ACC_5                           
            00E6  G$ACC_6$0$0                      
            00E6  _ACC_6                           
            00E7  G$ACC_7$0$0                      
            00E7  _ACC_7                           
            00E8  G$ECAN$0$0                       
            00E8  G$IEN1$0$0                       
            00E8  _ECAN                            
            00E8  _IEN1                            
            00E9  G$CL$0$0                         
            00E9  G$EADC$0$0                       
            00E9  _CL                              
            00E9  _EADC                            
            00EA  G$CCAP0L$0$0                     
            00EA  G$ETIM$0$0                       
            00EA  _CCAP0L                          
ASxxxx Linker V02.00 + NoICE + sdld,  page 16.
Hexadecimal

Area                               Addr   Size   Decimal Bytes (Attributes)
--------------------------------   ----   ----   ------- ----- ------------
.	.ABS.                            0000   0000 =      0. bytes (ABS,CON)

      Value  Global                              Global Defined In Module
      -----  ---------------------------------   ------------------------
            00EA  _ETIM                            
            00EB  G$CCAP1L$0$0                     
            00EB  G$ESPI$0$0                       
            00EB  _CCAP1L                          
            00EB  _ESPI                            
            00EC  G$CCAP2L$0$0                     
            00EC  _CCAP2L                          
            00ED  G$CCAP3L$0$0                     
            00ED  _CCAP3L                          
            00EE  G$CCAP4L$0$0                     
            00EE  _CCAP4L                          
            00F0  G$B$0$0                          
            00F0  _B                               
            00F2  G$ADCLK$0$0                      
            00F2  _ADCLK                           
            00F3  G$ADCON$0$0                      
            00F3  _ADCON                           
            00F4  G$ADDL$0$0                       
            00F4  _ADDL                            
            00F5  G$ADDH$0$0                       
            00F5  _ADDH                            
            00F5  _B_5                             
            00F6  G$ADCF$0$0                       
            00F6  _ADCF                            
            00F6  _B_6                             
            00F7  G$IPH1$0$0                       
            00F7  _B_7                             
            00F7  _IPH1                            
            00F8  G$IPL1$0$0                       
            00F8  _IPL1                            
            00F9  G$CH$0$0                         
            00F9  _CH                              
            00FA  G$CCAP0H$0$0                     
            00FA  _CCAP0H                          
            00FB  G$CCAP1H$0$0                     
            00FB  _CCAP1H                          
            00FC  G$CCAP2H$0$0                     
            00FC  _CCAP2H                          
            00FD  G$CCAP3H$0$0                     
            00FD  _CCAP3H                          
            00FE  G$CCAP4H$0$0                     
            00FE  _CCAP4H                          
            8382  G$DPTR$0$0                       
            8382  _DPTR                            

ASxxxx Linker V02.00 + NoICE + sdld,  page 17.
Hexadecimal

Area                               Addr   Size   Decimal Bytes (Attributes)
--------------------------------   ----   ----   ------- ----- ------------
BSEG_BYTES                         0020   0002 =      2. bytes (REL,CON)

      Value  Global                              Global Defined In Module
      -----  ---------------------------------   ------------------------
ASxxxx Linker V02.00 + NoICE + sdld,  page 18.
Hexadecimal

Area                               Addr   Size   Decimal Bytes (Attributes)
--------------------------------   ----   ----   ------- ----- ------------
_CODE                              0020   0000 =      0. bytes (REL,CON)

      Value  Global                              Global Defined In Module
      -----  ---------------------------------   ------------------------
ASxxxx Linker V02.00 + NoICE + sdld,  page 19.
Hexadecimal

Area                               Addr   Size   Decimal Bytes (Attributes)
--------------------------------   ----   ----   ------- ----- ------------
REG_BANK_0                         0000   0008 =      8. bytes (REL,OVR)

      Value  Global                              Global Defined In Module
      -----  ---------------------------------   ------------------------
ASxxxx Linker V02.00 + NoICE + sdld,  page 20.
Hexadecimal

Area                               Addr   Size   Decimal Bytes (Attributes)
--------------------------------   ----   ----   ------- ----- ------------
REG_BANK_1                         0008   0000 =      0. bytes (REL,OVR)

      Value  Global                              Global Defined In Module
      -----  ---------------------------------   ------------------------
ASxxxx Linker V02.00 + NoICE + sdld,  page 21.
Hexadecimal

Area                               Addr   Size   Decimal Bytes (Attributes)
--------------------------------   ----   ----   ------- ----- ------------
REG_BANK_2                         0010   0000 =      0. bytes (REL,OVR)

      Value  Global                              Global Defined In Module
      -----  ---------------------------------   ------------------------
ASxxxx Linker V02.00 + NoICE + sdld,  page 22.
Hexadecimal

Area                               Addr   Size   Decimal Bytes (Attributes)
--------------------------------   ----   ----   ------- ----- ------------
REG_BANK_3                         0018   0000 =      0. bytes (REL,OVR)

      Value  Global                              Global Defined In Module
      -----  ---------------------------------   ------------------------
ASxxxx Linker V02.00 + NoICE + sdld,  page 23.
Hexadecimal

Area                               Addr   Size   Decimal Bytes (Attributes)
--------------------------------   ----   ----   ------- ----- ------------
BSEG                               0000   000E =     14. bytes (REL,CON,BIT)

      Value  Global                              Global Defined In Module
      -----  ---------------------------------   ------------------------
       0B:  0000  G$prep$0$0                       
       0B:  0000  _prep                            
       0B:  0001  LLCD_State$b$1$1                 
       0B:  0001  _LCD_State_PARM_1                
       0B:  0002  LLCD_SendCmd$ea$1$1              
       0B:  0003  LLCD_SendData$ea$1$1             

ASxxxx Linker V02.00 + NoICE + sdld,  page 24.
Hexadecimal

Area                               Addr   Size   Decimal Bytes (Attributes)
--------------------------------   ----   ----   ------- ----- ------------
BIT_BANK                           0022   0001 =      1. bytes (REL,OVR)

      Value  Global                              Global Defined In Module
      -----  ---------------------------------   ------------------------
ASxxxx Linker V02.00 + NoICE + sdld,  page 25.
Hexadecimal

Area                               Addr   Size   Decimal Bytes (Attributes)
--------------------------------   ----   ----   ------- ----- ------------
DSEG                               0000   007D =    125. bytes (REL,CON)

      Value  Global                              Global Defined In Module
      -----  ---------------------------------   ------------------------
            0008  G$stav$0$0                       
            0008  _stav                            
            0009  G$cnt_ticks$0$0                  
            0009  _cnt_ticks                       
            000A  G$itx$0$0                        
            000A  _itx                             
            000C  G$ix$0$0                         
            000C  _ix                              
            000E  G$valWord$0$0                    
            000E  _valWord                         
            0010  G$val$0$0                        
            0010  _val                             
            0012  G$LCD_Pos$0$0                    
            0012  _LCD_Pos                         
            0013  Lputchar$cursor$1$1              
            0014  Lputchar$last_cur$1$1            
            0015  _vprintf_PARM_2                  
            0016  _bp                              
            0023  LMbWrByte$bf$1$1                 
            0023  _MbWrByte_PARM_2                 
            0026  LMbWrWord$bf$1$1                 
            0026  _MbWrWord_PARM_2                 
            0029  LMbRd$fce$1$1                    
            0029  _MbRd_PARM_2                     
            002A  LMbRd$reg$1$1                    
            002A  _MbRd_PARM_3                     
            002C  LMbRd$nbr$1$1                    
            002C  _MbRd_PARM_4                     
            002E  LMbRd$bf$1$1                     
            002E  _MbRd_PARM_5                     
            0031  LMbWrOne$fce$1$1                 
            0031  _MbWrOne_PARM_2                  
            0032  LMbWrOne$reg$1$1                 
            0032  _MbWrOne_PARM_3                  
            0034  LMbWrOne$val$1$1                 
            0034  _MbWrOne_PARM_4                  
            0036  LMbWrOne$bf$1$1                  
            0036  _MbWrOne_PARM_5                  
            0039  LMbWr$fce$1$1                    
            0039  _MbWr_PARM_2                     
            003A  LMbWr$reg$1$1                    
            003A  _MbWr_PARM_3                     
            003C  LMbWr$nbr$1$1                    
            003C  _MbWr_PARM_4                     
            003E  LMbWr$vals$1$1                   
            003E  _MbWr_PARM_5                     
            0041  LMbWr$bf$1$1                     
            0041  _MbWr_PARM_6                     
            0044  LMbWr$n$1$1                      
            0045  LMbAnsRd$fce$1$1                 
ASxxxx Linker V02.00 + NoICE + sdld,  page 26.
Hexadecimal

Area                               Addr   Size   Decimal Bytes (Attributes)
--------------------------------   ----   ----   ------- ----- ------------
DSEG                               0000   007D =    125. bytes (REL,CON)

      Value  Global                              Global Defined In Module
      -----  ---------------------------------   ------------------------
            0045  _MbAnsRd_PARM_2                  
            0046  LMbAnsRd$bytes$1$1               
            0046  _MbAnsRd_PARM_3                  
            0047  LMbAnsRd$vals$1$1                
            0047  _MbAnsRd_PARM_4                  
            004A  LMbAnsRd$bf$1$1                  
            004A  _MbAnsRd_PARM_5                  
            004D  LMbAnsRd$n$1$1                   
            004E  LMbAnsErr$fce$1$1                
            004E  _MbAnsErr_PARM_2                 
            004F  LMbAnsErr$er$1$1                 
            004F  _MbAnsErr_PARM_3                 
            0050  LMbAnsErr$bf$1$1                 
            0050  _MbAnsErr_PARM_4                 
            005F  __print_format_PARM_2            
            0062  __print_format_PARM_3            
            0065  __print_format_PARM_4            

ASxxxx Linker V02.00 + NoICE + sdld,  page 27.
Hexadecimal

Area                               Addr   Size   Decimal Bytes (Attributes)
--------------------------------   ----   ----   ------- ----- ------------
OSEG                               006C   000C =     12. bytes (REL,OVR)

      Value  Global                              Global Defined In Module
      -----  ---------------------------------   ------------------------
            006C  LMbLrc$len$1$1                   
            006C  LMrtuAnsErr$fce$1$1              
            006C  LMrtuAnsRd$fce$1$1               
            006C  LMrtuCrc$len$1$1                 
            006C  LMrtuRd$fce$1$1                  
            006C  LMrtuWr$fce$1$1                  
            006C  LMrtuWrCrc$bf$1$1                
            006C  LMrtuWrOne$fce$1$1               
            006C  LSendBuf$len$1$1                 
            006C  LWrWord$bf$1$1                   
            006C  _MbLrc_PARM_2                    
            006C  _MrtuAnsErr_PARM_2               
            006C  _MrtuAnsRd_PARM_2                
            006C  _MrtuCrc_PARM_2                  
            006C  _MrtuRd_PARM_2                   
            006C  _MrtuWrCrc_PARM_2                
            006C  _MrtuWrOne_PARM_2                
            006C  _MrtuWr_PARM_2                   
            006C  _SendBuf_PARM_2                  
            006C  _WrWord_PARM_2                   
            006C  __gptrput_PARM_2                 
            006C  _calculate_digit_radix_1_1       
            006D  LMrtuAnsErr$err$1$1              
            006D  LMrtuAnsRd$bytes$1$1             
            006D  LMrtuRd$reg$1$1                  
            006D  LMrtuWr$reg$1$1                  
            006D  LMrtuWrOne$reg$1$1               
            006D  _MrtuAnsErr_PARM_3               
            006D  _MrtuAnsRd_PARM_3                
            006D  _MrtuRd_PARM_3                   
            006D  _MrtuWrOne_PARM_3                
            006D  _MrtuWr_PARM_3                   
            006D  _calculate_digit_i_1_1           
            006E  LMrtuAnsErr$bf$1$1               
            006E  LMrtuAnsRd$vals$1$1              
            006E  _MrtuAnsErr_PARM_4               
            006E  _MrtuAnsRd_PARM_4                
            006F  LMrtuRd$nbr$1$1                  
            006F  LMrtuWr$nbr$1$1                  
            006F  LMrtuWrOne$val$1$1               
            006F  _MrtuRd_PARM_4                   
            006F  _MrtuWrOne_PARM_4                
            006F  _MrtuWr_PARM_4                   
            0071  LMrtuAnsRd$bf$1$1                
            0071  LMrtuRd$bf$1$1                   
            0071  LMrtuWr$vals$1$1                 
            0071  LMrtuWrOne$bf$1$1                
            0071  _MrtuAnsRd_PARM_5                
            0071  _MrtuRd_PARM_5                   
            0071  _MrtuWrOne_PARM_5                
ASxxxx Linker V02.00 + NoICE + sdld,  page 28.
Hexadecimal

Area                               Addr   Size   Decimal Bytes (Attributes)
--------------------------------   ----   ----   ------- ----- ------------
OSEG                               006C   000C =     12. bytes (REL,OVR)

      Value  Global                              Global Defined In Module
      -----  ---------------------------------   ------------------------
            0071  _MrtuWr_PARM_5                   
            0074  LMrtuAnsRd$n$1$1                 
            0074  LMrtuWr$bf$1$1                   
            0074  _MrtuAnsRd_n_1_1                 
            0074  _MrtuWr_PARM_6                   
            0077  LMrtuWr$bytes$1$1                
            0077  _MrtuWr_bytes_1_1                

ASxxxx Linker V02.00 + NoICE + sdld,  page 29.
Hexadecimal

Area                               Addr   Size   Decimal Bytes (Attributes)
--------------------------------   ----   ----   ------- ----- ------------
ISEG                               0000   0006 =      6. bytes (REL,CON)

      Value  Global                              Global Defined In Module
      -----  ---------------------------------   ------------------------
ASxxxx Linker V02.00 + NoICE + sdld,  page 30.
Hexadecimal

Area                               Addr   Size   Decimal Bytes (Attributes)
--------------------------------   ----   ----   ------- ----- ------------
SSEG                               0078   0088 =    136. bytes (REL,OVR)

      Value  Global                              Global Defined In Module
      -----  ---------------------------------   ------------------------
            0078  __start__stack                   

ASxxxx Linker V02.00 + NoICE + sdld,  page 31.
Hexadecimal

Area                               Addr   Size   Decimal Bytes (Attributes)
--------------------------------   ----   ----   ------- ----- ------------
PSEG                               0000   0000 =      0. bytes (REL,CON,PAG,XDATA)

      Value  Global                              Global Defined In Module
      -----  ---------------------------------   ------------------------
ASxxxx Linker V02.00 + NoICE + sdld,  page 32.
Hexadecimal

Area                               Addr   Size   Decimal Bytes (Attributes)
--------------------------------   ----   ----   ------- ----- ------------
XSEG                               0000   0210 =    528. bytes (REL,CON,XDATA)

      Value  Global                              Global Defined In Module
      -----  ---------------------------------   ------------------------
       0D:  0000  G$bfin$0$0                       
       0D:  0000  _bfin                            
       0D:  0100  G$bfout$0$0                      
       0D:  0100  _bfout                           
       0D:  0200  Lputchar$linebuff$1$1            

ASxxxx Linker V02.00 + NoICE + sdld,  page 33.
Hexadecimal

Area                               Addr   Size   Decimal Bytes (Attributes)
--------------------------------   ----   ----   ------- ----- ------------
XISEG                              0210   0000 =      0. bytes (REL,CON,XDATA)

      Value  Global                              Global Defined In Module
      -----  ---------------------------------   ------------------------
ASxxxx Linker V02.00 + NoICE + sdld,  page 34.
Hexadecimal

Area                               Addr   Size   Decimal Bytes (Attributes)
--------------------------------   ----   ----   ------- ----- ------------
HOME                               0000   0013 =     19. bytes (REL,CON,CODE)

      Value  Global                              Global Defined In Module
      -----  ---------------------------------   ------------------------
       0C:  0000  A$main$793                       
       0C:  0003  A$main$794                       
       0C:  000B  A$main$796                       
       0C:  000E  A$main$818                       
       0C:  000E  __sdcc_program_startup           
       0C:  0011  A$main$820                       

ASxxxx Linker V02.00 + NoICE + sdld,  page 35.
Hexadecimal

Area                               Addr   Size   Decimal Bytes (Attributes)
--------------------------------   ----   ----   ------- ----- ------------
GSINIT0                            0013   0003 =      3. bytes (REL,CON,CODE)

      Value  Global                              Global Defined In Module
      -----  ---------------------------------   ------------------------
       0C:  0013  __sdcc_gsinit_startup            

ASxxxx Linker V02.00 + NoICE + sdld,  page 36.
Hexadecimal

Area                               Addr   Size   Decimal Bytes (Attributes)
--------------------------------   ----   ----   ------- ----- ------------
GSINIT1                            0016   0000 =      0. bytes (REL,CON,CODE)

      Value  Global                              Global Defined In Module
      -----  ---------------------------------   ------------------------
ASxxxx Linker V02.00 + NoICE + sdld,  page 37.
Hexadecimal

Area                               Addr   Size   Decimal Bytes (Attributes)
--------------------------------   ----   ----   ------- ----- ------------
GSINIT2                            0016   000A =     10. bytes (REL,CON,CODE)

      Value  Global                              Global Defined In Module
      -----  ---------------------------------   ------------------------
ASxxxx Linker V02.00 + NoICE + sdld,  page 38.
Hexadecimal

Area                               Addr   Size   Decimal Bytes (Attributes)
--------------------------------   ----   ----   ------- ----- ------------
GSINIT3                            0020   0022 =     34. bytes (REL,CON,CODE)

      Value  Global                              Global Defined In Module
      -----  ---------------------------------   ------------------------
       0C:  0020  __mcs51_genXINIT                 

ASxxxx Linker V02.00 + NoICE + sdld,  page 39.
Hexadecimal

Area                               Addr   Size   Decimal Bytes (Attributes)
--------------------------------   ----   ----   ------- ----- ------------
GSINIT4                            0042   002A =     42. bytes (REL,CON,CODE)

      Value  Global                              Global Defined In Module
      -----  ---------------------------------   ------------------------
       0C:  0042  __mcs51_genRAMCLEAR              
       0C:  0048  __mcs51_genXRAMCLEAR             

ASxxxx Linker V02.00 + NoICE + sdld,  page 40.
Hexadecimal

Area                               Addr   Size   Decimal Bytes (Attributes)
--------------------------------   ----   ----   ------- ----- ------------
GSINIT5                            006C   0000 =      0. bytes (REL,CON,CODE)

      Value  Global                              Global Defined In Module
      -----  ---------------------------------   ------------------------
ASxxxx Linker V02.00 + NoICE + sdld,  page 41.
Hexadecimal

Area                               Addr   Size   Decimal Bytes (Attributes)
--------------------------------   ----   ----   ------- ----- ------------
GSINIT                             006C   0000 =      0. bytes (REL,CON,CODE)

      Value  Global                              Global Defined In Module
      -----  ---------------------------------   ------------------------
ASxxxx Linker V02.00 + NoICE + sdld,  page 42.
Hexadecimal

Area                               Addr   Size   Decimal Bytes (Attributes)
--------------------------------   ----   ----   ------- ----- ------------
GSFINAL                            006C   0003 =      3. bytes (REL,CON,CODE)

      Value  Global                              Global Defined In Module
      -----  ---------------------------------   ------------------------
       0C:  006C  A$main$811                       

ASxxxx Linker V02.00 + NoICE + sdld,  page 43.
Hexadecimal

Area                               Addr   Size   Decimal Bytes (Attributes)
--------------------------------   ----   ----   ------- ----- ------------
CSEG                               006F   1624 =   5668. bytes (REL,CON,CODE)

      Value  Global                              Global Defined In Module
      -----  ---------------------------------   ------------------------
       0C:  006F  A$main$846                       
       0C:  006F  C$main.c$60$0$0                  
       0C:  006F  C$main.c$62$1$1                  
       0C:  006F  G$TimerInit$0$0                  
       0C:  006F  _TimerInit                       
       0C:  0072  A$main$849                       
       0C:  0072  C$main.c$63$1$1                  
       0C:  0074  A$main$852                       
       0C:  0074  C$main.c$64$1$1                  
       0C:  0076  A$main$855                       
       0C:  0076  C$main.c$65$1$1                  
       0C:  0078  A$main$858                       
       0C:  0078  C$main.c$66$1$1                  
       0C:  007B  A$main$861                       
       0C:  007B  C$main.c$67$1$1                  
       0C:  007B  XG$TimerInit$0$0                 
       0C:  007C  A$main$875                       
       0C:  007C  C$main.c$70$1$1                  
       0C:  007C  C$main.c$73$1$1                  
       0C:  007C  G$ComInit$0$0                    
       0C:  007C  _ComInit                         
       0C:  007F  A$main$878                       
       0C:  007F  C$main.c$74$1$1                  
       0C:  0082  A$main$881                       
       0C:  0082  C$main.c$75$1$1                  
       0C:  0085  A$main$884                       
       0C:  0085  C$main.c$76$1$1                  
       0C:  0088  A$main$887                       
       0C:  0088  C$main.c$77$1$1                  
       0C:  0088  XG$ComInit$0$0                   
       0C:  0089  A$main$901                       
       0C:  0089  C$main.c$83$1$1                  
       0C:  0089  G$SendBuf$0$0                    
       0C:  0089  _SendBuf                         
       0C:  008B  A$main$902                       
       0C:  008D  A$main$903                       
       0C:  008F  A$main$906                       
       0C:  008F  C$main.c$85$1$1                  
       0C:  0091  A$main$908                       
       0C:  0093  A$main$909                       
       0C:  0094  A$main$910                       
       0C:  0095  A$main$911                       
       0C:  0097  A$main$914                       
       0C:  0097  C$main.c$87$2$2                  
       0C:  0099  A$main$915                       
       0C:  009B  A$main$916                       
       0C:  009D  A$main$917                       
       0C:  00A0  A$main$918                       
       0C:  00A1  A$main$919                       
       0C:  00A2  A$main$920                       
ASxxxx Linker V02.00 + NoICE + sdld,  page 44.
Hexadecimal

Area                               Addr   Size   Decimal Bytes (Attributes)
--------------------------------   ----   ----   ------- ----- ------------
CSEG                               006F   1624 =   5668. bytes (REL,CON,CODE)

      Value  Global                              Global Defined In Module
      -----  ---------------------------------   ------------------------
       0C:  00A4  A$main$921                       
       0C:  00A6  A$main$922                       
       0C:  00A8  A$main$923                       
       0C:  00A9  A$main$924                       
       0C:  00AB  A$main$930                       
       0C:  00AB  C$main.c$88$2$2                  
       0C:  00AB  C$main.c$89$2$2                  
       0C:  00AE  A$main$931                       
       0C:  00B0  A$main$933                       
       0C:  00B2  A$main$937                       
       0C:  00B2  C$main.c$91$1$1                  
       0C:  00B2  XG$SendBuf$0$0                   
       0C:  00B3  A$main$955                       
       0C:  00B3  C$main.c$93$1$1                  
       0C:  00B3  C$main.c$99$1$1                  
       0C:  00B3  G$main$0$0                       
       0C:  00B3  _main                            
       0C:  00B4  A$main$956                       
       0C:  00B6  A$main$957                       
       0C:  00B8  A$main$960                       
       0C:  00B8  C$main.c$100$1$1                 
       0C:  00B9  A$main$961                       
       0C:  00BB  A$main$962                       
       0C:  00BD  A$main$965                       
       0C:  00BD  C$main.c$101$1$1                 
       0C:  00C0  A$main$968                       
       0C:  00C0  C$main.c$102$1$1                 
       0C:  00C3  A$main$969                       
       0C:  00C6  A$main$972                       
       0C:  00C6  C$main.c$104$1$1                 
       0C:  00C9  A$main$975                       
       0C:  00C9  C$main.c$105$1$1                 
       0C:  00CC  A$main$978                       
       0C:  00CC  C$main.c$106$1$1                 
       0C:  00CF  A$main$984                       
       0C:  00CF  C$main.c$109$1$1                 
       0C:  00CF  C$main.c$112$2$2                 
       0C:  00D2  A$main$987                       
       0C:  00D2  C$main.c$115$3$3                 
       0C:  00D4  A$main$988                       
       0C:  00D6  A$main$989                       
       0C:  00D7  A$main$992                       
       0C:  00D7  C$main.c$116$3$3                 
       0C:  00D9  A$main$995                       
       0C:  00D9  C$main.c$117$3$3                 
       0C:  00DB  A$main$996                       
       0C:  00DE  A$main$997                       
       0C:  00E1  A$main$1000                      
       0C:  00E1  C$main.c$119$4$4                 
       0C:  00E4  A$main$1003                      
       0C:  00E4  C$main.c$120$4$4                 
ASxxxx Linker V02.00 + NoICE + sdld,  page 45.
Hexadecimal

Area                               Addr   Size   Decimal Bytes (Attributes)
--------------------------------   ----   ----   ------- ----- ------------
CSEG                               006F   1624 =   5668. bytes (REL,CON,CODE)

      Value  Global                              Global Defined In Module
      -----  ---------------------------------   ------------------------
       0C:  00E5  A$main$1004                      
       0C:  00E7  A$main$1005                      
       0C:  00E9  A$main$1006                      
       0C:  00EC  A$main$1007                      
       0C:  00ED  A$main$1008                      
       0C:  00EE  A$main$1009                      
       0C:  00F0  A$main$1013                      
       0C:  00F0  C$main.c$122$3$3                 
       0C:  00F2  A$main$1014                      
       0C:  00F5  A$main$1017                      
       0C:  00F5  C$main.c$124$4$5                 
       0C:  00F8  A$main$1018                      
       0C:  00F9  A$main$1019                      
       0C:  00FB  A$main$1020                      
       0C:  00FD  A$main$1021                      
       0C:  00FF  A$main$1025                      
       0C:  00FF  C$main.c$125$4$5                 
       0C:  0101  A$main$1026                      
       0C:  0102  A$main$1027                      
       0C:  0105  A$main$1028                      
       0C:  0107  A$main$1033                      
       0C:  0107  C$main.c$126$4$5                 
       0C:  0109  A$main$1034                      
       0C:  010B  A$main$1035                      
       0C:  010D  A$main$1036                      
       0C:  010F  A$main$1037                      
       0C:  0111  A$main$1038                      
       0C:  0113  A$main$1039                      
       0C:  0114  A$main$1040                      
       0C:  0115  A$main$1043                      
       0C:  0115  C$main.c$127$4$5                 
       0C:  0118  A$main$1046                      
       0C:  0118  C$main.c$129$5$6                 
       0C:  011A  A$main$1047                      
       0C:  011C  A$main$1048                      
       0C:  011E  A$main$1049                      
       0C:  0121  A$main$1050                      
       0C:  0124  A$main$1051                      
       0C:  0127  A$main$1052                      
       0C:  0129  A$main$1053                      
       0C:  012B  A$main$1054                      
       0C:  012D  A$main$1055                      
       0C:  012E  A$main$1056                      
       0C:  0130  A$main$1057                      
       0C:  0132  A$main$1058                      
       0C:  0133  A$main$1059                      
       0C:  0134  A$main$1060                      
       0C:  0136  A$main$1061                      
       0C:  0137  A$main$1062                      
       0C:  0138  A$main$1063                      
       0C:  013A  A$main$1064                      
ASxxxx Linker V02.00 + NoICE + sdld,  page 46.
Hexadecimal

Area                               Addr   Size   Decimal Bytes (Attributes)
--------------------------------   ----   ----   ------- ----- ------------
CSEG                               006F   1624 =   5668. bytes (REL,CON,CODE)

      Value  Global                              Global Defined In Module
      -----  ---------------------------------   ------------------------
       0C:  013B  A$main$1065                      
       0C:  013D  A$main$1066                      
       0C:  013F  A$main$1067                      
       0C:  0141  A$main$1068                      
       0C:  0143  A$main$1069                      
       0C:  0145  A$main$1070                      
       0C:  0148  A$main$1071                      
       0C:  014A  A$main$1072                      
       0C:  014C  A$main$1073                      
       0C:  014D  A$main$1074                      
       0C:  0150  A$main$1075                      
       0C:  0152  A$main$1079                      
       0C:  0152  C$main.c$131$6$7                 
       0C:  0154  A$main$1080                      
       0C:  0156  A$main$1081                      
       0C:  0158  A$main$1082                      
       0C:  015A  A$main$1083                      
       0C:  015C  A$main$1084                      
       0C:  015E  A$main$1085                      
       0C:  0161  A$main$1086                      
       0C:  0163  A$main$1087                      
       0C:  0165  A$main$1088                      
       0C:  0167  A$main$1092                      
       0C:  0167  C$main.c$134$5$6                 
       0C:  016A  A$main$1093                      
       0C:  016D  A$main$1094                      
       0C:  0170  A$main$1095                      
       0C:  0172  A$main$1096                      
       0C:  0175  A$main$1099                      
       0C:  0175  C$main.c$136$6$8                 
       0C:  0178  A$main$1100                      
       0C:  017B  A$main$1101                      
       0C:  017E  A$main$1104                      
       0C:  017E  C$main.c$137$6$8                 
       0C:  0181  A$main$1105                      
       0C:  0184  A$main$1106                      
       0C:  0187  A$main$1107                      
       0C:  018A  A$main$1108                      
       0C:  018D  A$main$1111                      
       0C:  018D  C$main.c$138$6$8                 
       0C:  018F  A$main$1112                      
       0C:  0191  A$main$1113                      
       0C:  0193  A$main$1114                      
       0C:  0195  A$main$1115                      
       0C:  0197  A$main$1116                      
       0C:  0199  A$main$1117                      
       0C:  019B  A$main$1118                      
       0C:  019D  A$main$1119                      
       0C:  01A0  A$main$1120                      
       0C:  01A2  A$main$1121                      
       0C:  01A4  A$main$1122                      
ASxxxx Linker V02.00 + NoICE + sdld,  page 47.
Hexadecimal

Area                               Addr   Size   Decimal Bytes (Attributes)
--------------------------------   ----   ----   ------- ----- ------------
CSEG                               006F   1624 =   5668. bytes (REL,CON,CODE)

      Value  Global                              Global Defined In Module
      -----  ---------------------------------   ------------------------
       0C:  01A6  A$main$1126                      
       0C:  01A6  C$main.c$143$5$6                 
       0C:  01A9  A$main$1129                      
       0C:  01A9  C$main.c$148$1$1                 
       0C:  01A9  XG$main$0$0                      
       0C:  01AC  A$main$1141                      
       0C:  01AC  C$main.c$149$1$1                 
       0C:  01AC  G$timer1$0$0                     
       0C:  01AC  _timer1                          
       0C:  01AE  A$main$1142                      
       0C:  01B0  A$main$1143                      
       0C:  01B2  A$main$1144                      
       0C:  01B4  A$main$1145                      
       0C:  01B6  A$main$1146                      
       0C:  01B8  A$main$1147                      
       0C:  01BA  A$main$1148                      
       0C:  01BC  A$main$1149                      
       0C:  01BE  A$main$1150                      
       0C:  01C0  A$main$1151                      
       0C:  01C2  A$main$1152                      
       0C:  01C4  A$main$1153                      
       0C:  01C6  A$main$1154                      
       0C:  01C8  A$main$1155                      
       0C:  01CB  A$main$1158                      
       0C:  01CB  C$main.c$151$1$1                 
       0C:  01CE  A$main$1161                      
       0C:  01CE  C$main.c$152$1$1                 
       0C:  01D1  A$main$1164                      
       0C:  01D1  C$main.c$153$1$1                 
       0C:  01D3  A$main$1167                      
       0C:  01D3  C$main.c$154$1$1                 
       0C:  01D5  A$main$1170                      
       0C:  01D5  C$main.c$155$1$1                 
       0C:  01D7  A$main$1171                      
       0C:  01D9  A$main$1172                      
       0C:  01DB  A$main$1173                      
       0C:  01DD  A$main$1174                      
       0C:  01E0  A$main$1176                      
       0C:  01E2  A$main$1177                      
       0C:  01E4  A$main$1178                      
       0C:  01E7  A$main$1182                      
       0C:  01E7  C$main.c$157$2$2                 
       0C:  01EA  A$main$1185                      
       0C:  01EA  C$main.c$159$2$2                 
       0C:  01EC  A$main$1188                      
       0C:  01EC  C$main.c$160$2$2                 
       0C:  01EF  A$main$1191                      
       0C:  01EF  C$main.c$162$3$3                 
       0C:  01F2  A$main$1192                      
       0C:  01F5  A$main$1193                      
       0C:  01F8  A$main$1194                      
ASxxxx Linker V02.00 + NoICE + sdld,  page 48.
Hexadecimal

Area                               Addr   Size   Decimal Bytes (Attributes)
--------------------------------   ----   ----   ------- ----- ------------
CSEG                               006F   1624 =   5668. bytes (REL,CON,CODE)

      Value  Global                              Global Defined In Module
      -----  ---------------------------------   ------------------------
       0C:  01FA  A$main$1198                      
       0C:  01FA  C$main.c$163$3$3                 
       0C:  01FB  A$main$1199                      
       0C:  01FD  A$main$1200                      
       0C:  01FF  A$main$1204                      
       0C:  01FF  C$main.c$165$3$3                 
       0C:  0202  A$main$1205                      
       0C:  0205  A$main$1206                      
       0C:  0208  A$main$1207                      
       0C:  020B  A$main$1208                      
       0C:  020C  A$main$1209                      
       0C:  020E  A$main$1210                      
       0C:  0210  A$main$1211                      
       0C:  0213  A$main$1212                      
       0C:  0216  A$main$1213                      
       0C:  0219  A$main$1214                      
       0C:  021C  A$main$1215                      
       0C:  021E  A$main$1216                      
       0C:  0220  A$main$1217                      
       0C:  0223  A$main$1218                      
       0C:  0225  A$main$1222                      
       0C:  0225  C$main.c$167$2$2                 
       0C:  0228  A$main$1223                      
       0C:  022B  A$main$1224                      
       0C:  022E  A$main$1225                      
       0C:  0231  A$main$1226                      
       0C:  0232  A$main$1227                      
       0C:  0234  A$main$1228                      
       0C:  0236  A$main$1229                      
       0C:  0239  A$main$1230                      
       0C:  023C  A$main$1231                      
       0C:  023F  A$main$1232                      
       0C:  0242  A$main$1233                      
       0C:  0244  A$main$1234                      
       0C:  0246  A$main$1235                      
       0C:  0249  A$main$1239                      
       0C:  0249  C$main.c$168$2$2                 
       0C:  024B  A$main$1240                      
       0C:  024C  A$main$1241                      
       0C:  024E  A$main$1242                      
       0C:  0251  A$main$1243                      
       0C:  0254  A$main$1244                      
       0C:  0257  A$main$1245                      
       0C:  0259  A$main$1246                      
       0C:  025B  A$main$1247                      
       0C:  025C  A$main$1248                      
       0C:  025E  A$main$1249                      
       0C:  0260  A$main$1250                      
       0C:  0261  A$main$1251                      
       0C:  0263  A$main$1252                      
       0C:  0265  A$main$1253                      
ASxxxx Linker V02.00 + NoICE + sdld,  page 49.
Hexadecimal

Area                               Addr   Size   Decimal Bytes (Attributes)
--------------------------------   ----   ----   ------- ----- ------------
CSEG                               006F   1624 =   5668. bytes (REL,CON,CODE)

      Value  Global                              Global Defined In Module
      -----  ---------------------------------   ------------------------
       0C:  0268  A$main$1254                      
       0C:  026B  A$main$1255                      
       0C:  026D  A$main$1256                      
       0C:  026F  A$main$1257                      
       0C:  0270  A$main$1258                      
       0C:  0272  A$main$1259                      
       0C:  0274  A$main$1260                      
       0C:  0275  A$main$1261                      
       0C:  0277  A$main$1262                      
       0C:  0279  A$main$1265                      
       0C:  0279  C$main.c$169$2$2                 
       0C:  027B  A$main$1266                      
       0C:  027D  A$main$1267                      
       0C:  027E  A$main$1268                      
       0C:  0280  A$main$1269                      
       0C:  0282  A$main$1270                      
       0C:  0283  A$main$1271                      
       0C:  0285  A$main$1272                      
       0C:  0287  A$main$1273                      
       0C:  0289  A$main$1274                      
       0C:  028B  A$main$1275                      
       0C:  028E  A$main$1276                      
       0C:  0290  A$main$1277                      
       0C:  0292  A$main$1278                      
       0C:  0293  A$main$1279                      
       0C:  0295  A$main$1280                      
       0C:  0297  A$main$1281                      
       0C:  0298  A$main$1282                      
       0C:  029A  A$main$1283                      
       0C:  029C  A$main$1286                      
       0C:  029C  C$main.c$170$2$2                 
       0C:  029F  A$main$1287                      
       0C:  02A2  A$main$1288                      
       0C:  02A5  A$main$1289                      
       0C:  02A8  A$main$1292                      
       0C:  02A8  C$main.c$172$2$2                 
       0C:  02AB  A$main$1296                      
       0C:  02AB  C$main.c$176$1$1                 
       0C:  02AD  A$main$1297                      
       0C:  02B0  A$main$1298                      
       0C:  02B2  A$main$1299                      
       0C:  02B5  A$main$1300                      
       0C:  02B7  A$main$1302                      
       0C:  02B9  A$main$1303                      
       0C:  02BC  A$main$1307                      
       0C:  02BC  C$main.c$178$2$4                 
       0C:  02BF  A$main$1310                      
       0C:  02BF  C$main.c$179$2$4                 
       0C:  02C1  A$main$1313                      
       0C:  02C1  C$main.c$180$2$4                 
       0C:  02C4  A$main$1315                      
ASxxxx Linker V02.00 + NoICE + sdld,  page 50.
Hexadecimal

Area                               Addr   Size   Decimal Bytes (Attributes)
--------------------------------   ----   ----   ------- ----- ------------
CSEG                               006F   1624 =   5668. bytes (REL,CON,CODE)

      Value  Global                              Global Defined In Module
      -----  ---------------------------------   ------------------------
       0C:  02C6  A$main$1316                      
       0C:  02C8  A$main$1317                      
       0C:  02CA  A$main$1318                      
       0C:  02CC  A$main$1319                      
       0C:  02CE  A$main$1320                      
       0C:  02D0  A$main$1321                      
       0C:  02D2  A$main$1322                      
       0C:  02D4  A$main$1323                      
       0C:  02D6  A$main$1324                      
       0C:  02D8  A$main$1325                      
       0C:  02DA  A$main$1326                      
       0C:  02DC  A$main$1327                      
       0C:  02DE  A$main$1328                      
       0C:  02E0  A$main$1331                      
       0C:  02E0  C$main.c$182$2$1                 
       0C:  02E0  XG$timer1$0$0                    
       0C:  02E1  A$adc$761                        
       0C:  02E1  C$adc.c$5$0$0                    
       0C:  02E1  G$AdcInit$0$0                    
       0C:  02E1  _AdcInit                         
       0C:  02E4  A$adc$764                        
       0C:  02E4  C$adc.c$8$1$1                    
       0C:  02E7  A$adc$767                        
       0C:  02E7  C$adc.c$9$1$1                    
       0C:  02EA  A$adc$770                        
       0C:  02EA  C$adc.c$10$1$1                   
       0C:  02EA  XG$AdcInit$0$0                   
       0C:  02EB  A$adc$783                        
       0C:  02EB  C$adc.c$12$1$1                   
       0C:  02EB  G$AdcConv$0$0                    
       0C:  02EB  _AdcConv                         
       0C:  02ED  A$adc$786                        
       0C:  02ED  C$adc.c$14$1$1                   
       0C:  02F0  A$adc$789                        
       0C:  02F0  C$adc.c$15$1$1                   
       0C:  02F2  A$adc$790                        
       0C:  02F3  A$adc$791                        
       0C:  02F5  A$adc$794                        
       0C:  02F5  C$adc.c$16$1$1                   
       0C:  02F8  A$adc$798                        
       0C:  02F8  C$adc.c$17$1$1                   
       0C:  02FA  A$adc$799                        
       0C:  02FD  A$adc$802                        
       0C:  02FD  C$adc.c$18$1$1                   
       0C:  0300  A$adc$805                        
       0C:  0300  C$adc.c$19$1$1                   
       0C:  0302  A$adc$806                        
       0C:  0303  A$adc$807                        
       0C:  0304  A$adc$808                        
       0C:  0306  A$adc$809                        
       0C:  0307  A$adc$810                        
ASxxxx Linker V02.00 + NoICE + sdld,  page 51.
Hexadecimal

Area                               Addr   Size   Decimal Bytes (Attributes)
--------------------------------   ----   ----   ------- ----- ------------
CSEG                               006F   1624 =   5668. bytes (REL,CON,CODE)

      Value  Global                              Global Defined In Module
      -----  ---------------------------------   ------------------------
       0C:  0308  A$adc$811                        
       0C:  0309  A$adc$812                        
       0C:  030B  A$adc$813                        
       0C:  030C  A$adc$814                        
       0C:  030D  A$adc$815                        
       0C:  030E  A$adc$816                        
       0C:  0310  A$adc$817                        
       0C:  0312  A$adc$818                        
       0C:  0313  A$adc$819                        
       0C:  0315  A$adc$820                        
       0C:  0316  A$adc$821                        
       0C:  0317  A$adc$822                        
       0C:  0319  A$adc$823                        
       0C:  031A  A$adc$824                        
       0C:  031B  A$adc$825                        
       0C:  031D  A$adc$828                        
       0C:  031D  C$adc.c$20$1$1                   
       0C:  031D  XG$AdcConv$0$0                   
       0C:  031E  A$lcd$427                        
       0C:  031E  C$lcd.c$66$0$0                   
       0C:  031E  G$Pause$0$0                      
       0C:  031E  _Pause                           
       0C:  0320  A$lcd$428                        
       0C:  0322  A$lcd$434                        
       0C:  0322  C$lcd.c$67$1$1                   
       0C:  0322  C$lcd.c$68$1$1                   
       0C:  0323  A$lcd$435                        
       0C:  0326  A$lcd$436                        
       0C:  0327  A$lcd$440                        
       0C:  0327  C$lcd.c$69$1$1                   
       0C:  0328  A$lcd$441                        
       0C:  0329  A$lcd$442                        
       0C:  032B  A$lcd$445                        
       0C:  032B  C$lcd.c$70$1$1                   
       0C:  032B  XG$Pause$0$0                     
       0C:  032C  A$lcd$460                        
       0C:  032C  C$lcd.c$72$1$1                   
[...]
       0C:  0E8E  C$modbus.c$252$1$1               
       0C:  0E90  A$modbus$2450                    
       0C:  0E92  A$modbus$2451                    
       0C:  0E94  A$modbus$2452                    
       0C:  0E96  A$modbus$2453                    
       0C:  0E98  A$modbus$2454                    
       0C:  0E9A  A$modbus$2455                    
       0C:  0E9B  A$modbus$2456                    
       0C:  0E9E  A$modbus$2457                    
       0C:  0EA0  A$modbus$2458                    
       0C:  0EA1  A$modbus$2459                    
       0C:  0EA3  A$modbus$2460                    
       0C:  0EA4  A$modbus$2461                    
       0C:  0EA5  A$modbus$2462                    
       0C:  0EA7  A$modbus$2463                    
       0C:  0EA9  A$modbus$2466                    
       0C:  0EA9  C$modbus.c$253$1$1               
       0C:  0EAB  A$modbus$2467                    
       0C:  0EAD  A$modbus$2468                    
       0C:  0EAF  A$modbus$2469                    
       0C:  0EB1  A$modbus$2470                    
       0C:  0EB3  A$modbus$2471                    
       0C:  0EB5  A$modbus$2472                    
       0C:  0EB7  A$modbus$2473                    
       0C:  0EBA  A$modbus$2474                    
       0C:  0EBC  A$modbus$2475                    
       0C:  0EBD  A$modbus$2476                    
       0C:  0EBF  A$modbus$2477                    
       0C:  0EC0  A$modbus$2478                    
       0C:  0EC1  A$modbus$2479                    
       0C:  0EC3  A$modbus$2480                    
       0C:  0EC5  A$modbus$2483                    
       0C:  0EC5  C$modbus.c$254$1$1               
       0C:  0EC7  A$modbus$2484                    
       0C:  0EC9  A$modbus$2485                    
       0C:  0ECB  A$modbus$2486                    
       0C:  0ECD  A$modbus$2487                    
       0C:  0ECF  A$modbus$2488                    
       0C:  0ED1  A$modbus$2489                    
       0C:  0ED3  A$modbus$2490                    
       0C:  0ED4  A$modbus$2491                    
       0C:  0ED7  A$modbus$2492                    
       0C:  0ED9  A$modbus$2493                    
       0C:  0EDA  A$modbus$2494                    
       0C:  0EDC  A$modbus$2495                    
       0C:  0EDD  A$modbus$2496                    
       0C:  0EDE  A$modbus$2497                    
       0C:  0EE0  A$modbus$2498                    
       0C:  0EE2  A$modbus$2501                    
       0C:  0EE2  C$modbus.c$255$1$1               
ASxxxx Linker V02.00 + NoICE + sdld,  page 89.
Hexadecimal

Area                               Addr   Size   Decimal Bytes (Attributes)
--------------------------------   ----   ----   ------- ----- ------------
CSEG                               006F   1624 =   5668. bytes (REL,CON,CODE)

      Value  Global                              Global Defined In Module
      -----  ---------------------------------   ------------------------
       0C:  0EE4  A$modbus$2502                    
       0C:  0EE6  A$modbus$2503                    
       0C:  0EE8  A$modbus$2504                    
       0C:  0EEA  A$modbus$2505                    
       0C:  0EEC  A$modbus$2506                    
       0C:  0EEE  A$modbus$2507                    
       0C:  0EF0  A$modbus$2508                    
       0C:  0EF1  A$modbus$2509                    
       0C:  0EF4  A$modbus$2510                    
       0C:  0EF6  A$modbus$2511                    
       0C:  0EF7  A$modbus$2512                    
       0C:  0EF9  A$modbus$2513                    
       0C:  0EFA  A$modbus$2514                    
       0C:  0EFB  A$modbus$2515                    
       0C:  0EFD  A$modbus$2516                    
       0C:  0EFF  A$modbus$2519                    
       0C:  0EFF  C$modbus.c$256$1$1               
       0C:  0F01  A$modbus$2520                    
       0C:  0F03  A$modbus$2521                    
       0C:  0F05  A$modbus$2522                    
       0C:  0F07  A$modbus$2523                    
       0C:  0F09  A$modbus$2524                    
       0C:  0F0B  A$modbus$2525                    
       0C:  0F0D  A$modbus$2526                    
       0C:  0F0E  A$modbus$2527                    
       0C:  0F11  A$modbus$2528                    
       0C:  0F13  A$modbus$2529                    
       0C:  0F14  A$modbus$2530                    
       0C:  0F16  A$modbus$2531                    
       0C:  0F17  A$modbus$2532                    
       0C:  0F18  A$modbus$2533                    
       0C:  0F1A  A$modbus$2534                    
       0C:  0F1C  A$modbus$2537                    
       0C:  0F1C  C$modbus.c$257$1$1               
       0C:  0F1E  A$modbus$2538                    
       0C:  0F20  A$modbus$2539                    
       0C:  0F22  A$modbus$2540                    
       0C:  0F24  A$modbus$2541                    
       0C:  0F26  A$modbus$2542                    
       0C:  0F28  A$modbus$2543                    
       0C:  0F2A  A$modbus$2544                    
       0C:  0F2B  A$modbus$2545                    
       0C:  0F2E  A$modbus$2548                    
       0C:  0F2E  C$modbus.c$258$1$1               
       0C:  0F31  A$modbus$2551                    
       0C:  0F31  C$modbus.c$259$1$1               
       0C:  0F31  XG$MrtuRd$0$0                    
       0C:  0F32  A$modbus$2571                    
       0C:  0F32  C$modbus.c$261$1$1               
       0C:  0F32  G$MrtuWr$0$0                     
       0C:  0F32  _MrtuWr                          
ASxxxx Linker V02.00 + NoICE + sdld,  page 90.
Hexadecimal

Area                               Addr   Size   Decimal Bytes (Attributes)
--------------------------------   ----   ----   ------- ----- ------------
CSEG                               006F   1624 =   5668. bytes (REL,CON,CODE)

      Value  Global                              Global Defined In Module
      -----  ---------------------------------   ------------------------
       0C:  0F34  A$modbus$2574                    
       0C:  0F34  C$modbus.c$265$1$1               
       0C:  0F36  A$modbus$2575                    
       0C:  0F38  A$modbus$2576                    
       0C:  0F3A  A$modbus$2577                    
       0C:  0F3C  A$modbus$2578                    
       0C:  0F3E  A$modbus$2579                    
       0C:  0F40  A$modbus$2580                    
       0C:  0F41  A$modbus$2581                    
       0C:  0F44  A$modbus$2582                    
       0C:  0F46  A$modbus$2583                    
       0C:  0F47  A$modbus$2584                    
       0C:  0F49  A$modbus$2585                    
       0C:  0F4A  A$modbus$2586                    
       0C:  0F4B  A$modbus$2587                    
       0C:  0F4D  A$modbus$2588                    
       0C:  0F4F  A$modbus$2591                    
       0C:  0F4F  C$modbus.c$266$1$1               
       0C:  0F51  A$modbus$2592                    
       0C:  0F53  A$modbus$2593                    
       0C:  0F55  A$modbus$2594                    
       0C:  0F57  A$modbus$2595                    
       0C:  0F59  A$modbus$2596                    
       0C:  0F5B  A$modbus$2597                    
       0C:  0F5D  A$modbus$2598                    
       0C:  0F60  A$modbus$2599                    
       0C:  0F62  A$modbus$2600                    
       0C:  0F63  A$modbus$2601                    
       0C:  0F65  A$modbus$2602                    
       0C:  0F66  A$modbus$2603                    
       0C:  0F67  A$modbus$2604                    
       0C:  0F69  A$modbus$2605                    
       0C:  0F6B  A$modbus$2608                    
       0C:  0F6B  C$modbus.c$267$1$1               
       0C:  0F6D  A$modbus$2609                    
       0C:  0F6F  A$modbus$2610                    
       0C:  0F71  A$modbus$2611                    
       0C:  0F73  A$modbus$2612                    
       0C:  0F75  A$modbus$2613                    
       0C:  0F77  A$modbus$2614                    
       0C:  0F79  A$modbus$2615                    
       0C:  0F7A  A$modbus$2616                    
       0C:  0F7D  A$modbus$2617                    
       0C:  0F7F  A$modbus$2618                    
       0C:  0F80  A$modbus$2619                    
       0C:  0F82  A$modbus$2620                    
       0C:  0F83  A$modbus$2621                    
       0C:  0F84  A$modbus$2622                    
       0C:  0F86  A$modbus$2623                    
       0C:  0F88  A$modbus$2626                    
       0C:  0F88  C$modbus.c$268$1$1               
ASxxxx Linker V02.00 + NoICE + sdld,  page 91.
Hexadecimal

Area                               Addr   Size   Decimal Bytes (Attributes)
--------------------------------   ----   ----   ------- ----- ------------
CSEG                               006F   1624 =   5668. bytes (REL,CON,CODE)

      Value  Global                              Global Defined In Module
      -----  ---------------------------------   ------------------------
       0C:  0F8A  A$modbus$2627                    
       0C:  0F8C  A$modbus$2628                    
       0C:  0F8E  A$modbus$2629                    
       0C:  0F90  A$modbus$2630                    
       0C:  0F92  A$modbus$2631                    
       0C:  0F94  A$modbus$2632                    
       0C:  0F96  A$modbus$2633                    
       0C:  0F97  A$modbus$2634                    
       0C:  0F9A  A$modbus$2635                    
       0C:  0F9C  A$modbus$2636                    
       0C:  0F9D  A$modbus$2637                    
       0C:  0F9F  A$modbus$2638                    
       0C:  0FA0  A$modbus$2639                    
       0C:  0FA1  A$modbus$2640                    
       0C:  0FA3  A$modbus$2641                    
       0C:  0FA5  A$modbus$2644                    
       0C:  0FA5  C$modbus.c$269$1$1               
       0C:  0FA7  A$modbus$2645                    
       0C:  0FA9  A$modbus$2646                    
       0C:  0FAB  A$modbus$2647                    
       0C:  0FAD  A$modbus$2648                    
       0C:  0FAF  A$modbus$2649                    
       0C:  0FB1  A$modbus$2650                    
       0C:  0FB3  A$modbus$2651                    
       0C:  0FB4  A$modbus$2652                    
       0C:  0FB7  A$modbus$2653                    
       0C:  0FB9  A$modbus$2654                    
       0C:  0FBA  A$modbus$2655                    
       0C:  0FBC  A$modbus$2656                    
       0C:  0FBD  A$modbus$2657                    
       0C:  0FBE  A$modbus$2658                    
       0C:  0FC0  A$modbus$2659                    
       0C:  0FC2  A$modbus$2662                    
       0C:  0FC2  C$modbus.c$270$1$1               
       0C:  0FC4  A$modbus$2663                    
       0C:  0FC6  A$modbus$2664                    
       0C:  0FC8  A$modbus$2665                    
       0C:  0FCA  A$modbus$2666                    
       0C:  0FCC  A$modbus$2667                    
       0C:  0FCE  A$modbus$2668                    
       0C:  0FD0  A$modbus$2669                    
       0C:  0FD1  A$modbus$2670                    
       0C:  0FD4  A$modbus$2671                    
       0C:  0FD6  A$modbus$2672                    
       0C:  0FD7  A$modbus$2673                    
       0C:  0FD9  A$modbus$2674                    
       0C:  0FDA  A$modbus$2675                    
       0C:  0FDB  A$modbus$2676                    
       0C:  0FDD  A$modbus$2677                    
       0C:  0FDF  A$modbus$2680                    
       0C:  0FDF  C$modbus.c$271$1$1               
ASxxxx Linker V02.00 + NoICE + sdld,  page 92.
Hexadecimal

Area                               Addr   Size   Decimal Bytes (Attributes)
--------------------------------   ----   ----   ------- ----- ------------
CSEG                               006F   1624 =   5668. bytes (REL,CON,CODE)

      Value  Global                              Global Defined In Module
      -----  ---------------------------------   ------------------------
       0C:  0FE1  A$modbus$2681                    
       0C:  0FE4  A$modbus$2682                    
       0C:  0FE6  A$modbus$2684                    
       0C:  0FE8  A$modbus$2685                    
       0C:  0FEB  A$modbus$2688                    
       0C:  0FEB  C$modbus.c$273$2$2               
       0C:  0FEC  A$modbus$2689                    
       0C:  0FED  A$modbus$2690                    
       0C:  0FEF  A$modbus$2693                    
       0C:  0FEF  C$modbus.c$274$2$2               
       0C:  0FF1  A$modbus$2695                    
       0C:  0FF3  A$modbus$2696                    
       0C:  0FF5  A$modbus$2697                    
       0C:  0FF6  A$modbus$2698                    
       0C:  0FF7  A$modbus$2699                    
       0C:  0FF9  A$modbus$2700                    
       0C:  0FFA  A$modbus$2701                    
       0C:  0FFB  A$modbus$2702                    
       0C:  0FFC  A$modbus$2703                    
       0C:  0FFD  A$modbus$2704                    
       0C:  0FFE  A$modbus$2705                    
       0C:  1000  A$modbus$2706                    
       0C:  1001  A$modbus$2707                    
       0C:  1002  A$modbus$2708                    
       0C:  1004  A$modbus$2709                    
       0C:  1005  A$modbus$2710                    
       0C:  1006  A$modbus$2711                    
       0C:  1007  A$modbus$2712                    
       0C:  1008  A$modbus$2713                    
       0C:  100A  A$modbus$2716                    
       0C:  100A  C$modbus.c$275$2$2               
       0C:  100C  A$modbus$2718                    
       0C:  100F  A$modbus$2724                    
       0C:  100F  C$modbus.c$276$1$1               
       0C:  100F  C$modbus.c$277$1$1               
       0C:  1011  A$modbus$2725                    
       0C:  1013  A$modbus$2726                    
       0C:  1015  A$modbus$2727                    
       0C:  1017  A$modbus$2728                    
       0C:  1019  A$modbus$2729                    
       0C:  101B  A$modbus$2730                    
       0C:  101D  A$modbus$2731                    
       0C:  1020  A$modbus$2732                    
       0C:  1022  A$modbus$2733                    
       0C:  1023  A$modbus$2734                    
       0C:  1025  A$modbus$2735                    
       0C:  1026  A$modbus$2736                    
       0C:  1027  A$modbus$2737                    
       0C:  1029  A$modbus$2738                    
       0C:  102B  A$modbus$2741                    
       0C:  102B  C$modbus.c$278$1$1               
ASxxxx Linker V02.00 + NoICE + sdld,  page 93.
Hexadecimal

Area                               Addr   Size   Decimal Bytes (Attributes)
--------------------------------   ----   ----   ------- ----- ------------
CSEG                               006F   1624 =   5668. bytes (REL,CON,CODE)

      Value  Global                              Global Defined In Module
      -----  ---------------------------------   ------------------------
       0C:  102D  A$modbus$2742                    
       0C:  102F  A$modbus$2743                    
       0C:  1031  A$modbus$2744                    
       0C:  1033  A$modbus$2745                    
       0C:  1035  A$modbus$2746                    
       0C:  1037  A$modbus$2747                    
       0C:  1039  A$modbus$2749                    
       0C:  103B  A$modbus$2750                    
       0C:  103C  A$modbus$2751                    
       0C:  103D  A$modbus$2752                    
       0C:  103F  A$modbus$2753                    
       0C:  1041  A$modbus$2754                    
       0C:  1043  A$modbus$2755                    
       0C:  1045  A$modbus$2756                    
       0C:  1048  A$modbus$2757                    
       0C:  1049  A$modbus$2758                    
       0C:  104A  A$modbus$2759                    
       0C:  104C  A$modbus$2760                    
       0C:  104E  A$modbus$2761                    
       0C:  1050  A$modbus$2762                    
       0C:  1052  A$modbus$2763                    
       0C:  1054  A$modbus$2764                    
       0C:  1055  A$modbus$2765                    
       0C:  1058  A$modbus$2766                    
       0C:  1059  A$modbus$2767                    
       0C:  105B  A$modbus$2768                    
       0C:  105D  A$modbus$2769                    
       0C:  105F  A$modbus$2773                    
       0C:  105F  C$modbus.c$279$1$1               
       0C:  1061  A$modbus$2774                    
       0C:  1063  A$modbus$2775                    
       0C:  1065  A$modbus$2778                    
       0C:  1065  C$modbus.c$280$1$1               
       0C:  1065  XG$MrtuWr$0$0                    
       0C:  1066  __gptrput                        
       0C:  108A  _vprintf                         
       0C:  10A4  _printf                          
       0C:  1167  __print_format                   
       0C:  165B  _strlen                          
       0C:  1673  __gptrget                        
       0C:  168F  __sdcc_external_startup          

ASxxxx Linker V02.00 + NoICE + sdld,  page 94.
Hexadecimal

Area                               Addr   Size   Decimal Bytes (Attributes)
--------------------------------   ----   ----   ------- ----- ------------
CONST                              1693   022D =    557. bytes (REL,CON,CODE)

      Value  Global                              Global Defined In Module
      -----  ---------------------------------   ------------------------
       0C:  1693  Fmain$_str_0$0$0                 
       0C:  16A0  Fmain$_str_1$0$0                 
       0C:  16B5  G$tabCRCHi$0$0                   
       0C:  16B5  _tabCRCHi                        
       0C:  17B5  G$tabCRCLo$0$0                   
       0C:  17B5  _tabCRCLo                        

ASxxxx Linker V02.00 + NoICE + sdld,  page 95.
Hexadecimal

Area                               Addr   Size   Decimal Bytes (Attributes)
--------------------------------   ----   ----   ------- ----- ------------
XINIT                              18C0   0000 =      0. bytes (REL,CON,CODE)

      Value  Global                              Global Defined In Module
      -----  ---------------------------------   ------------------------
ASxxxx Linker V02.00 + NoICE + sdld,  page 96.

Files Linked                              [ module(s) ]

main.rel                                  [ 
adc.rel                                   [ 
lcd.rel                                   [ 
ledbar.rel                                [ 
modbus.rel                                [ 


Libraries Linked                          [ object file ]

C:\PROGRAM FILES (X86)\SDCC\BIN\..\lib\s  [ crtclear.rel ]
C:\PROGRAM FILES (X86)\SDCC\BIN\..\lib\s  [ crtxinit.rel ]
C:\PROGRAM FILES (X86)\SDCC\BIN\..\lib\s  [ _gptrput.rel ]
C:\PROGRAM FILES (X86)\SDCC\BIN\..\lib\s  [ crtxclear.rel ]
C:\PROGRAM FILES (X86)\SDCC\BIN\..\lib\s  [ vprintf.rel ]
C:\PROGRAM FILES (X86)\SDCC\BIN\..\lib\s  [ /0               ]
C:\PROGRAM FILES (X86)\SDCC\BIN\..\lib\s  [ crtpagesfr.rel ]
C:\PROGRAM FILES (X86)\SDCC\BIN\..\lib\s  [ _strlen.rel ]
C:\PROGRAM FILES (X86)\SDCC\BIN\..\lib\s  [ crtstart.rel ]
C:\PROGRAM FILES (X86)\SDCC\BIN\..\lib\s  [ _gptrget.rel ]
C:\PROGRAM FILES (X86)\SDCC\BIN\..\lib\s  [ _startup.rel ]
C:\PROGRAM FILES (X86)\SDCC\BIN\..\lib\s  [ _bp.rel ]

ASxxxx Linker V02.00 + NoICE + sdld,  page 97.

User Base Address Definitions

HOME = 0x0000
ISEG = 0x0000
BSEG = 0x0000

