ASxxxx Linker V02.00 + NoICE + sdld,  page 1.
Hexadecimal

Area                               Addr   Size   Decimal Bytes (Attributes)
--------------------------------   ----   ----   ------- ----- ------------
CABS                               0000   0000 =      0. bytes (ABS,CON,CODE)

      Value  Global                              Global Defined In Module
      -----  ---------------------------------   ------------------------
       0C:  0000  l_BIT_BANK                       
       0C:  0000  l_CABS                           
       0C:  0000  l_GSINIT                         
       0C:  0000  l_GSINIT1                        
       0C:  0000  l_GSINIT5                        
       0C:  0000  l_IABS                           
       0C:  0000  l_PSEG                           
       0C:  0000  l_REG_BANK_1                     
       0C:  0000  l_REG_BANK_2                     
       0C:  0000  l_REG_BANK_3                     
       0C:  0000  l_RSEG                           
       0C:  0000  l_RSEG0                          
       0C:  0000  l_RSEG1                          
       0C:  0000  l_XABS                           
       0C:  0000  l_XINIT                          
       0C:  0000  l_XISEG                          
       0C:  0000  l__CODE                          
       0C:  0000  s_BSEG                           
       0C:  0000  s_CABS                           
       0C:  0000  s_DSEG                           
       0C:  0000  s_HOME                           
       0C:  0000  s_IABS                           
       0C:  0000  s_ISEG                           
       0C:  0000  s_PSEG                           
       0C:  0000  s_REG_BANK_0                     
       0C:  0000  s_RSEG                           
       0C:  0000  s_RSEG0                          
       0C:  0000  s_RSEG1                          
       0C:  0000  s_XABS                           
       0C:  0000  s_XSEG                           
       0C:  0002  l_BSEG_BYTES                     
       0C:  0003  l_GSFINAL                        
       0C:  0003  l_GSINIT0                        
       0C:  0006  l_ISEG                           
       0C:  0008  l_HOME                           
       0C:  0008  l_REG_BANK_0                     
       0C:  0008  s_GSINIT0                        
       0C:  0008  s_REG_BANK_1                     
       0C:  000A  l_GSINIT2                        
       0C:  000B  s_GSINIT1                        
       0C:  000B  s_GSINIT2                        
       0C:  000C  l_OSEG                           
       0C:  000D  l_BSEG                           
       0C:  0010  s_REG_BANK_2                     
       0C:  0015  s_GSINIT3                        
       0C:  0018  s_BIT_BANK                       
       0C:  0018  s_REG_BANK_3                     
       0C:  0020  s_BSEG_BYTES                     
       0C:  0020  s__CODE                          
       0C:  0022  l_GSINIT3                        
ASxxxx Linker V02.00 + NoICE + sdld,  page 2.
Hexadecimal

Area                               Addr   Size   Decimal Bytes (Attributes)
--------------------------------   ----   ----   ------- ----- ------------
CABS                               0000   0000 =      0. bytes (ABS,CON,CODE)

      Value  Global                              Global Defined In Module
      -----  ---------------------------------   ------------------------
       0C:  002A  l_GSINIT4                        
       0C:  0037  s_GSINIT4                        
       0C:  0061  s_GSFINAL                        
       0C:  0061  s_GSINIT                         
       0C:  0061  s_GSINIT5                        
       0C:  0064  s_CSEG                           
       0C:  006B  s_OSEG                           
       0C:  007D  s_SSEG                           
       0C:  007F  l_DSEG                           
       0C:  0083  l_SSEG                           
       0C:  0100  l_IRAM                           
       0C:  0210  l_XSEG                           
       0C:  0210  s_XISEG                          
       0C:  0229  l_CONST                          
       0C:  163E  l_CSEG                           
       0C:  16A2  s_CONST                          
       0C:  18CB  s_XINIT                          

ASxxxx Linker V02.00 + NoICE + sdld,  page 3.
Hexadecimal

Area                               Addr   Size   Decimal Bytes (Attributes)
--------------------------------   ----   ----   ------- ----- ------------
XABS                               0000   0000 =      0. bytes (ABS,CON,XDATA)

      Value  Global                              Global Defined In Module
      -----  ---------------------------------   ------------------------
ASxxxx Linker V02.00 + NoICE + sdld,  page 4.
Hexadecimal

Area                               Addr   Size   Decimal Bytes (Attributes)
--------------------------------   ----   ----   ------- ----- ------------
IABS                               0000   0000 =      0. bytes (ABS,CON)

      Value  Global                              Global Defined In Module
      -----  ---------------------------------   ------------------------
ASxxxx Linker V02.00 + NoICE + sdld,  page 5.
Hexadecimal

Area                               Addr   Size   Decimal Bytes (Attributes)
--------------------------------   ----   ----   ------- ----- ------------
RSEG1                              0000   0000 =      0. bytes (ABS,CON)

      Value  Global                              Global Defined In Module
      -----  ---------------------------------   ------------------------
ASxxxx Linker V02.00 + NoICE + sdld,  page 6.
Hexadecimal

Area                               Addr   Size   Decimal Bytes (Attributes)
--------------------------------   ----   ----   ------- ----- ------------
RSEG0                              0000   0000 =      0. bytes (ABS,CON)

      Value  Global                              Global Defined In Module
      -----  ---------------------------------   ------------------------
ASxxxx Linker V02.00 + NoICE + sdld,  page 7.
Hexadecimal

Area                               Addr   Size   Decimal Bytes (Attributes)
--------------------------------   ----   ----   ------- ----- ------------
RSEG                               0000   0000 =      0. bytes (ABS,CON)

      Value  Global                              Global Defined In Module
      -----  ---------------------------------   ------------------------
ASxxxx Linker V02.00 + NoICE + sdld,  page 8.
Hexadecimal

Area                               Addr   Size   Decimal Bytes (Attributes)
--------------------------------   ----   ----   ------- ----- ------------
.	.ABS.                            0000   0000 =      0. bytes (ABS,CON)

      Value  Global                              Global Defined In Module
      -----  ---------------------------------   ------------------------
            0000  .__.ABS.                         
            0080  G$P0$0$0                         
            0080  G$P0_0$0$0                       
            0080  _P0                              
            0080  _P0_0                            
            0081  G$P0_1$0$0                       
            0081  G$SP$0$0                         
            0081  _P0_1                            
            0081  _SP                              
            0082  G$DPL$0$0                        
            0082  G$P0_2$0$0                       
            0082  _DPL                             
            0082  _P0_2                            
            0083  G$DPH$0$0                        
            0083  G$P0_3$0$0                       
            0083  _DPH                             
            0083  _P0_3                            
            0084  G$P0_4$0$0                       
            0084  _P0_4                            
            0085  G$P0_5$0$0                       
            0085  _P0_5                            
            0086  G$P0_6$0$0                       
            0086  _P0_6                            
            0087  G$P0_7$0$0                       
            0087  G$PCON$0$0                       
            0087  _P0_7                            
            0087  _PCON                            
            0088  G$IT0$0$0                        
            0088  G$TCON$0$0                       
            0088  _IT0                             
            0088  _TCON                            
            0089  G$IE0$0$0                        
            0089  G$TMOD$0$0                       
            0089  _IE0                             
            0089  _TMOD                            
            008A  G$IT1$0$0                        
            008A  G$TL0$0$0                        
            008A  _IT1                             
            008A  _TL0                             
            008B  G$IE1$0$0                        
            008B  G$TL1$0$0                        
            008B  _IE1                             
            008B  _TL1                             
            008C  G$TH0$0$0                        
            008C  G$TR0$0$0                        
            008C  _TH0                             
            008C  _TR0                             
            008D  G$TF0$0$0                        
            008D  G$TH1$0$0                        
            008D  _TF0                             
ASxxxx Linker V02.00 + NoICE + sdld,  page 9.
Hexadecimal

Area                               Addr   Size   Decimal Bytes (Attributes)
--------------------------------   ----   ----   ------- ----- ------------
.	.ABS.                            0000   0000 =      0. bytes (ABS,CON)

      Value  Global                              Global Defined In Module
      -----  ---------------------------------   ------------------------
            008D  _TH1                             
            008E  G$AUXR$0$0                       
            008E  G$TR1$0$0                        
            008E  _AUXR                            
            008E  _TR1                             
            008F  G$CKCON$0$0                      
            008F  G$CKCON0$0$0                     
            008F  G$TF1$0$0                        
            008F  _CKCON                           
            008F  _CKCON0                          
            008F  _TF1                             
            0090  G$P1$0$0                         
            0090  G$P1_0$0$0                       
            0090  _P1                              
            0090  _P1_0                            
            0091  G$P1_1$0$0                       
            0091  _P1_1                            
            0092  G$P1_2$0$0                       
            0092  _P1_2                            
            0093  G$P1_3$0$0                       
            0093  _P1_3                            
            0094  G$P1_4$0$0                       
            0094  _P1_4                            
            0095  G$P1_5$0$0                       
            0095  _P1_5                            
            0096  G$P1_6$0$0                       
            0096  _P1_6                            
            0097  G$P1_7$0$0                       
            0097  _P1_7                            
            0098  G$RI$0$0                         
            0098  G$SCON$0$0                       
            0098  _RI                              
            0098  _SCON                            
            0099  G$SBUF$0$0                       
            0099  G$TI$0$0                         
            0099  _SBUF                            
            0099  _TI                              
            009A  G$RB8$0$0                        
            009A  _RB8                             
            009B  G$CANGIT$0$0                     
            009B  G$TB8$0$0                        
            009B  _CANGIT                          
            009B  _TB8                             
            009C  G$CANTEC$0$0                     
            009C  G$REN$0$0                        
            009C  _CANTEC                          
            009C  _REN                             
            009D  G$CANREC$0$0                     
            009D  G$SM2$0$0                        
            009D  _CANREC                          
            009D  _SM2                             
ASxxxx Linker V02.00 + NoICE + sdld,  page 10.
Hexadecimal

Area                               Addr   Size   Decimal Bytes (Attributes)
--------------------------------   ----   ----   ------- ----- ------------
.	.ABS.                            0000   0000 =      0. bytes (ABS,CON)

      Value  Global                              Global Defined In Module
      -----  ---------------------------------   ------------------------
            009E  G$SM1$0$0                        
            009E  _SM1                             
            009F  G$CKCON1$0$0                     
            009F  G$FE$0$0                         
            009F  G$SM0$0$0                        
            009F  _CKCON1                          
            009F  _FE                              
            009F  _SM0                             
            00A0  G$P2$0$0                         
            00A0  G$P2_0$0$0                       
            00A0  _P2                              
            00A0  _P2_0                            
            00A0  __XPAGE                          
            00A1  G$CANTCON$0$0                    
            00A1  G$P2_1$0$0                       
            00A1  _CANTCON                         
            00A1  _P2_1                            
            00A2  G$AUXR1$0$0                      
            00A2  G$P2_2$0$0                       
            00A2  _AUXR1                           
            00A2  _P2_2                            
            00A3  G$CANMSG$0$0                     
            00A3  G$P2_3$0$0                       
            00A3  _CANMSG                          
            00A3  _P2_3                            
            00A4  G$CANTTCL$0$0                    
            00A4  G$P2_4$0$0                       
            00A4  _CANTTCL                         
            00A4  _P2_4                            
            00A5  G$CANTTCH$0$0                    
            00A5  G$P2_5$0$0                       
            00A5  _CANTTCH                         
            00A5  _P2_5                            
            00A6  G$P2_6$0$0                       
            00A6  G$WDTRST$0$0                     
            00A6  _P2_6                            
            00A6  _WDTRST                          
            00A7  G$P2_7$0$0                       
            00A7  G$WDTPRG$0$0                     
            00A7  _P2_7                            
            00A7  _WDTPRG                          
            00A8  G$EX0$0$0                        
            00A8  G$IE$0$0                         
            00A8  G$IEN$0$0                        
            00A8  G$IEN0$0$0                       
            00A8  _EX0                             
            00A8  _IE                              
            00A8  _IEN                             
            00A8  _IEN0                            
            00A9  G$ET0$0$0                        
            00A9  G$SADDR$0$0                      
ASxxxx Linker V02.00 + NoICE + sdld,  page 11.
Hexadecimal

Area                               Addr   Size   Decimal Bytes (Attributes)
--------------------------------   ----   ----   ------- ----- ------------
.	.ABS.                            0000   0000 =      0. bytes (ABS,CON)

      Value  Global                              Global Defined In Module
      -----  ---------------------------------   ------------------------
            00A9  _ET0                             
            00A9  _SADDR                           
            00AA  G$CANGSTA$0$0                    
            00AA  G$EX1$0$0                        
            00AA  _CANGSTA                         
            00AA  _EX1                             
            00AB  G$CANGCON$0$0                    
            00AB  G$ET1$0$0                        
            00AB  _CANGCON                         
            00AB  _ET1                             
            00AC  G$CANTIML$0$0                    
            00AC  G$ES$0$0                         
            00AC  _CANTIML                         
            00AC  _ES                              
            00AD  G$CANTIMH$0$0                    
            00AD  G$ET2$0$0                        
            00AD  _CANTIMH                         
            00AD  _ET2                             
            00AE  G$CANSTMPL$0$0                   
            00AE  G$EC$0$0                         
            00AE  _CANSTMPL                        
            00AE  _EC                              
            00AF  G$CANSTMPH$0$0                   
            00AF  G$EA$0$0                         
            00AF  _CANSTMPH                        
            00AF  _EA                              
            00B0  G$P3$0$0                         
            00B0  G$P3_0$0$0                       
            00B0  G$RXD$0$0                        
            00B0  _P3                              
            00B0  _P3_0                            
            00B0  _RXD                             
            00B1  G$CANPAGE$0$0                    
            00B1  G$P3_1$0$0                       
            00B1  G$TXD$0$0                        
            00B1  _CANPAGE                         
            00B1  _P3_1                            
            00B1  _TXD                             
            00B2  G$CANSTCH$0$0                    
            00B2  G$INT0$0$0                       
            00B2  G$P3_2$0$0                       
            00B2  _CANSTCH                         
            00B2  _INT0                            
            00B2  _P3_2                            
            00B3  G$CANCONCH$0$0                   
            00B3  G$INT1$0$0                       
            00B3  G$P3_3$0$0                       
            00B3  _CANCONCH                        
            00B3  _INT1                            
            00B3  _P3_3                            
            00B4  G$CANBT1$0$0                     
ASxxxx Linker V02.00 + NoICE + sdld,  page 12.
Hexadecimal

Area                               Addr   Size   Decimal Bytes (Attributes)
--------------------------------   ----   ----   ------- ----- ------------
.	.ABS.                            0000   0000 =      0. bytes (ABS,CON)

      Value  Global                              Global Defined In Module
      -----  ---------------------------------   ------------------------
            00B4  G$P3_4$0$0                       
            00B4  G$T0$0$0                         
            00B4  _CANBT1                          
            00B4  _P3_4                            
            00B4  _T0                              
            00B5  G$CANBT2$0$0                     
            00B5  G$P3_5$0$0                       
            00B5  G$T1$0$0                         
            00B5  _CANBT2                          
            00B5  _P3_5                            
            00B5  _T1                              
            00B6  G$CANBT3$0$0                     
            00B6  G$P3_6$0$0                       
            00B6  G$WR$0$0                         
            00B6  _CANBT3                          
            00B6  _P3_6                            
            00B6  _WR                              
            00B7  G$IPH0$0$0                       
            00B7  G$P3_7$0$0                       
            00B7  G$RD$0$0                         
            00B7  _IPH0                            
            00B7  _P3_7                            
            00B7  _RD                              
            00B8  G$IP$0$0                         
            00B8  G$IPL0$0$0                       
            00B8  G$PX0$0$0                        
            00B8  _IP                              
            00B8  _IPL0                            
            00B8  _PX0                             
            00B9  G$PT0$0$0                        
            00B9  G$SADEN$0$0                      
            00B9  _PT0                             
            00B9  _SADEN                           
            00BA  G$CANSIT1$0$0                    
            00BA  G$PX1$0$0                        
            00BA  _CANSIT1                         
            00BA  _PX1                             
            00BB  G$CANSIT2$0$0                    
            00BB  G$PT1$0$0                        
            00BB  _CANSIT2                         
            00BB  _PT1                             
            00BC  G$CANIDT1$0$0                    
            00BC  G$PS$0$0                         
            00BC  _CANIDT1                         
            00BC  _PS                              
            00BD  G$CANIDT2$0$0                    
            00BD  _CANIDT2                         
            00BE  G$CANIDT3$0$0                    
            00BE  _CANIDT3                         
            00BF  G$CANIDT4$0$0                    
            00BF  _CANIDT4                         
ASxxxx Linker V02.00 + NoICE + sdld,  page 13.
Hexadecimal

Area                               Addr   Size   Decimal Bytes (Attributes)
--------------------------------   ----   ----   ------- ----- ------------
.	.ABS.                            0000   0000 =      0. bytes (ABS,CON)

      Value  Global                              Global Defined In Module
      -----  ---------------------------------   ------------------------
            00C0  G$P4$0$0                         
            00C0  G$P4_0$0$0                       
            00C0  _P4                              
            00C0  _P4_0                            
            00C1  G$CANGIE$0$0                     
            00C1  G$P4_1$0$0                       
            00C1  _CANGIE                          
            00C1  _P4_1                            
            00C2  G$CANIE1$0$0                     
            00C2  G$P4_2$0$0                       
            00C2  _CANIE1                          
            00C2  _P4_2                            
            00C3  G$CANIE2$0$0                     
            00C3  G$P4_3$0$0                       
            00C3  _CANIE2                          
            00C3  _P4_3                            
            00C4  G$CANIDM1$0$0                    
            00C4  G$P4_4$0$0                       
            00C4  _CANIDM1                         
            00C4  _P4_4                            
            00C5  G$CANIDM2$0$0                    
            00C5  G$P4_5$0$0                       
            00C5  _CANIDM2                         
            00C5  _P4_5                            
            00C6  G$CANIDM3$0$0                    
            00C6  G$P4_6$0$0                       
            00C6  _CANIDM3                         
            00C6  _P4_6                            
            00C7  G$CANIDM4$0$0                    
            00C7  G$P4_7$0$0                       
            00C7  _CANIDM4                         
            00C7  _P4_7                            
            00C8  G$CP_RL2$0$0                     
            00C8  G$T2CON$0$0                      
            00C8  _CP_RL2                          
            00C8  _T2CON                           
            00C9  G$C_T2$0$0                       
            00C9  G$T2MOD$0$0                      
            00C9  _C_T2                            
            00C9  _T2MOD                           
            00CA  G$RCAP2L$0$0                     
            00CA  G$TR2$0$0                        
            00CA  _RCAP2L                          
            00CA  _TR2                             
            00CB  G$EXEN2$0$0                      
            00CB  G$RCAP2H$0$0                     
            00CB  _EXEN2                           
            00CB  _RCAP2H                          
            00CC  G$TCLK$0$0                       
            00CC  G$TL2$0$0                        
            00CC  _TCLK                            
ASxxxx Linker V02.00 + NoICE + sdld,  page 14.
Hexadecimal

Area                               Addr   Size   Decimal Bytes (Attributes)
--------------------------------   ----   ----   ------- ----- ------------
.	.ABS.                            0000   0000 =      0. bytes (ABS,CON)

      Value  Global                              Global Defined In Module
      -----  ---------------------------------   ------------------------
            00CC  _TL2                             
            00CD  G$RCLK$0$0                       
            00CD  G$TH2$0$0                        
            00CD  _RCLK                            
            00CD  _TH2                             
            00CE  G$CANEN1$0$0                     
            00CE  G$EXF2$0$0                       
            00CE  _CANEN1                          
            00CE  _EXF2                            
            00CF  G$CANEN2$0$0                     
            00CF  G$TF2$0$0                        
            00CF  _CANEN2                          
            00CF  _TF2                             
            00D0  G$P$0$0                          
            00D0  G$PSW$0$0                        
            00D0  _P                               
            00D0  _PSW                             
            00D1  G$F1$0$0                         
            00D1  G$FCON$0$0                       
            00D1  G$UD$0$0                         
            00D1  _F1                              
            00D1  _FCON                            
            00D1  _UD                              
            00D2  G$EECON$0$0                      
            00D2  G$OV$0$0                         
            00D2  _EECON                           
            00D2  _OV                              
            00D3  G$FSTA$0$0                       
            00D3  G$RS0$0$0                        
            00D3  _FSTA                            
            00D3  _RS0                             
            00D4  G$RS1$0$0                        
            00D4  G$SPCON$0$0                      
            00D4  _RS1                             
            00D4  _SPCON                           
            00D5  G$F0$0$0                         
            00D5  G$SPSCR$0$0                      
            00D5  _F0                              
            00D5  _SPSCR                           
            00D6  G$AC$0$0                         
            00D6  G$SPDAT$0$0                      
            00D6  _AC                              
            00D6  _SPDAT                           
            00D7  G$CY$0$0                         
            00D7  _CY                              
            00D8  G$CCF0$0$0                       
            00D8  G$CCON$0$0                       
            00D8  _CCF0                            
            00D8  _CCON                            
            00D9  G$CCF1$0$0                       
            00D9  G$CMOD$0$0                       
ASxxxx Linker V02.00 + NoICE + sdld,  page 15.
Hexadecimal

Area                               Addr   Size   Decimal Bytes (Attributes)
--------------------------------   ----   ----   ------- ----- ------------
.	.ABS.                            0000   0000 =      0. bytes (ABS,CON)

      Value  Global                              Global Defined In Module
      -----  ---------------------------------   ------------------------
            00D9  _CCF1                            
            00D9  _CMOD                            
            00DA  G$CCAPM0$0$0                     
            00DA  G$CCF2$0$0                       
            00DA  _CCAPM0                          
            00DA  _CCF2                            
            00DB  G$CCAPM1$0$0                     
            00DB  G$CCF3$0$0                       
            00DB  _CCAPM1                          
            00DB  _CCF3                            
            00DC  G$CCAPM2$0$0                     
            00DC  G$CCF4$0$0                       
            00DC  _CCAPM2                          
            00DC  _CCF4                            
            00DD  G$CCAPM3$0$0                     
            00DD  _CCAPM3                          
            00DE  G$CCAPM4$0$0                     
            00DE  G$CR$0$0                         
            00DE  _CCAPM4                          
            00DE  _CR                              
            00DF  G$CF$0$0                         
            00DF  _CF                              
            00E0  G$ACC$0$0                        
            00E0  G$ACC_0$0$0                      
            00E0  _ACC                             
            00E0  _ACC_0                           
            00E1  G$ACC_1$0$0                      
            00E1  _ACC_1                           
            00E2  G$ACC_2$0$0                      
            00E2  _ACC_2                           
            00E3  G$ACC_3$0$0                      
            00E3  _ACC_3                           
            00E4  G$ACC_4$0$0                      
            00E4  _ACC_4                           
            00E5  G$ACC_5$0$0                      
            00E5  _ACC_5                           
            00E6  G$ACC_6$0$0                      
            00E6  _ACC_6                           
            00E7  G$ACC_7$0$0                      
            00E7  _ACC_7                           
            00E8  G$ECAN$0$0                       
            00E8  G$IEN1$0$0                       
            00E8  _ECAN                            
            00E8  _IEN1                            
            00E9  G$CL$0$0                         
            00E9  G$EADC$0$0                       
            00E9  _CL                              
            00E9  _EADC                            
            00EA  G$CCAP0L$0$0                     
            00EA  G$ETIM$0$0                       
            00EA  _CCAP0L                          
ASxxxx Linker V02.00 + NoICE + sdld,  page 16.
Hexadecimal

Area                               Addr   Size   Decimal Bytes (Attributes)
--------------------------------   ----   ----   ------- ----- ------------
.	.ABS.                            0000   0000 =      0. bytes (ABS,CON)

      Value  Global                              Global Defined In Module
      -----  ---------------------------------   ------------------------
            00EA  _ETIM                            
            00EB  G$CCAP1L$0$0                     
            00EB  G$ESPI$0$0                       
            00EB  _CCAP1L                          
            00EB  _ESPI                            
            00EC  G$CCAP2L$0$0                     
            00EC  _CCAP2L                          
            00ED  G$CCAP3L$0$0                     
            00ED  _CCAP3L                          
            00EE  G$CCAP4L$0$0                     
            00EE  _CCAP4L                          
            00F0  G$B$0$0                          
            00F0  _B                               
            00F2  G$ADCLK$0$0                      
            00F2  _ADCLK                           
            00F3  G$ADCON$0$0                      
            00F3  _ADCON                           
            00F4  G$ADDL$0$0                       
            00F4  _ADDL                            
            00F5  G$ADDH$0$0                       
            00F5  _ADDH                            
            00F5  _B_5                             
            00F6  G$ADCF$0$0                       
            00F6  _ADCF                            
            00F6  _B_6                             
            00F7  G$IPH1$0$0                       
            00F7  _B_7                             
            00F7  _IPH1                            
            00F8  G$IPL1$0$0                       
            00F8  _IPL1                            
            00F9  G$CH$0$0                         
            00F9  _CH                              
            00FA  G$CCAP0H$0$0                     
            00FA  _CCAP0H                          
            00FB  G$CCAP1H$0$0                     
            00FB  _CCAP1H                          
            00FC  G$CCAP2H$0$0                     
            00FC  _CCAP2H                          
            00FD  G$CCAP3H$0$0                     
            00FD  _CCAP3H                          
            00FE  G$CCAP4H$0$0                     
            00FE  _CCAP4H                          
            8382  G$DPTR$0$0                       
            8382  _DPTR                            

ASxxxx Linker V02.00 + NoICE + sdld,  page 17.
Hexadecimal

Area                               Addr   Size   Decimal Bytes (Attributes)
--------------------------------   ----   ----   ------- ----- ------------
BSEG_BYTES                         0020   0002 =      2. bytes (REL,CON)

      Value  Global                              Global Defined In Module
      -----  ---------------------------------   ------------------------
ASxxxx Linker V02.00 + NoICE + sdld,  page 18.
Hexadecimal

Area                               Addr   Size   Decimal Bytes (Attributes)
--------------------------------   ----   ----   ------- ----- ------------
_CODE                              0020   0000 =      0. bytes (REL,CON)

      Value  Global                              Global Defined In Module
      -----  ---------------------------------   ------------------------
ASxxxx Linker V02.00 + NoICE + sdld,  page 19.
Hexadecimal

Area                               Addr   Size   Decimal Bytes (Attributes)
--------------------------------   ----   ----   ------- ----- ------------
REG_BANK_0                         0000   0008 =      8. bytes (REL,OVR)

      Value  Global                              Global Defined In Module
      -----  ---------------------------------   ------------------------
ASxxxx Linker V02.00 + NoICE + sdld,  page 20.
Hexadecimal

Area                               Addr   Size   Decimal Bytes (Attributes)
--------------------------------   ----   ----   ------- ----- ------------
REG_BANK_1                         0008   0000 =      0. bytes (REL,OVR)

      Value  Global                              Global Defined In Module
      -----  ---------------------------------   ------------------------
ASxxxx Linker V02.00 + NoICE + sdld,  page 21.
Hexadecimal

Area                               Addr   Size   Decimal Bytes (Attributes)
--------------------------------   ----   ----   ------- ----- ------------
REG_BANK_2                         0010   0000 =      0. bytes (REL,OVR)

      Value  Global                              Global Defined In Module
      -----  ---------------------------------   ------------------------
ASxxxx Linker V02.00 + NoICE + sdld,  page 22.
Hexadecimal

Area                               Addr   Size   Decimal Bytes (Attributes)
--------------------------------   ----   ----   ------- ----- ------------
REG_BANK_3                         0018   0000 =      0. bytes (REL,OVR)

      Value  Global                              Global Defined In Module
      -----  ---------------------------------   ------------------------
ASxxxx Linker V02.00 + NoICE + sdld,  page 23.
Hexadecimal

Area                               Addr   Size   Decimal Bytes (Attributes)
--------------------------------   ----   ----   ------- ----- ------------
BSEG                               0000   000D =     13. bytes (REL,CON,BIT)

      Value  Global                              Global Defined In Module
      -----  ---------------------------------   ------------------------
       0B:  0000  LLCD_State$b$1$1                 
       0B:  0000  _LCD_State_PARM_1                
       0B:  0001  LLCD_SendCmd$ea$1$1              
       0B:  0002  LLCD_SendData$ea$1$1             
ASxxxx Linker V02.00 + NoICE + sdld,  page 24.
Hexadecimal

Area                               Addr   Size   Decimal Bytes (Attributes)
--------------------------------   ----   ----   ------- ----- ------------
BIT_BANK                           0018   0000 =      0. bytes (REL,OVR)

      Value  Global                              Global Defined In Module
      -----  ---------------------------------   ------------------------
ASxxxx Linker V02.00 + NoICE + sdld,  page 25.
Hexadecimal

Area                               Addr   Size   Decimal Bytes (Attributes)
--------------------------------   ----   ----   ------- ----- ------------
DSEG                               0000   007F =    127. bytes (REL,CON)

      Value  Global                              Global Defined In Module
      -----  ---------------------------------   ------------------------
            0008  G$cnt_ticks$0$0                  
            0008  _cnt_ticks                       
            0009  G$adr_r$0$0                      
            0009  _adr_r                           
            000A  G$bity$0$0                       
            000A  _bity                            
            000B  G$val$0$0                        
            000B  _val                             
            000D  G$flagMessage$0$0                
            000D  _flagMessage                     
            000F  G$index$0$0                      
            000F  _index                           
            0011  G$itx$0$0                        
            0011  _itx                             
            0013  G$readedByte$0$0                 
            0013  _readedByte                      
            0014  G$registerCode$0$0               
            0014  _registerCode                    
            0015  G$pocet$0$0                      
            0015  _pocet                           
            0016  G$errorCode$0$0                  
            0016  _errorCode                       
            0017  G$lrc$0$0                        
            0017  _lrc                             
            0018  G$readedRegister$0$0             
            0018  _readedRegister                  
            001A  G$LCD_Pos$0$0                    
            001A  _LCD_Pos                         
            001B  Lputchar$cursor$1$1              
            001C  Lputchar$last_cur$1$1            
            001D  _vprintf_PARM_2                  
            001E  _bp                              
            0022  LMbWrByte$bf$1$1                 
            0022  _MbWrByte_PARM_2                 
            0025  LMbWrWord$bf$1$1                 
            0025  _MbWrWord_PARM_2                 
            0028  LMbRd$fce$1$1                    
            0028  _MbRd_PARM_2                     
            0029  LMbRd$reg$1$1                    
            0029  _MbRd_PARM_3                     
            002B  LMbRd$nbr$1$1                    
            002B  _MbRd_PARM_4                     
            002D  LMbRd$bf$1$1                     
            002D  _MbRd_PARM_5                     
            0030  LMbWrOne$fce$1$1                 
            0030  _MbWrOne_PARM_2                  
            0031  LMbWrOne$reg$1$1                 
            0031  _MbWrOne_PARM_3                  
            0033  LMbWrOne$val$1$1                 
            0033  _MbWrOne_PARM_4                  
ASxxxx Linker V02.00 + NoICE + sdld,  page 26.
Hexadecimal

Area                               Addr   Size   Decimal Bytes (Attributes)
--------------------------------   ----   ----   ------- ----- ------------
DSEG                               0000   007F =    127. bytes (REL,CON)

      Value  Global                              Global Defined In Module
      -----  ---------------------------------   ------------------------
            0035  LMbWrOne$bf$1$1                  
            0035  _MbWrOne_PARM_5                  
            0038  LMbWr$fce$1$1                    
            0038  _MbWr_PARM_2                     
            0039  LMbWr$reg$1$1                    
            0039  _MbWr_PARM_3                     
            003B  LMbWr$nbr$1$1                    
            003B  _MbWr_PARM_4                     
            003D  LMbWr$vals$1$1                   
            003D  _MbWr_PARM_5                     
            0040  LMbWr$bf$1$1                     
            0040  _MbWr_PARM_6                     
            0043  LMbWr$n$1$1                      
            0044  LMbAnsRd$fce$1$1                 
            0044  _MbAnsRd_PARM_2                  
            0045  LMbAnsRd$bytes$1$1               
            0045  _MbAnsRd_PARM_3                  
            0046  LMbAnsRd$vals$1$1                
            0046  _MbAnsRd_PARM_4                  
            0049  LMbAnsRd$bf$1$1                  
            0049  _MbAnsRd_PARM_5                  
            004C  LMbAnsRd$n$1$1                   
            004D  LMbAnsErr$fce$1$1                
            004D  _MbAnsErr_PARM_2                 
            004E  LMbAnsErr$er$1$1                 
            004E  _MbAnsErr_PARM_3                 
            004F  LMbAnsErr$bf$1$1                 
            004F  _MbAnsErr_PARM_4                 
            005E  __print_format_PARM_2            
            0061  __print_format_PARM_3            
            0064  __print_format_PARM_4            

ASxxxx Linker V02.00 + NoICE + sdld,  page 27.
Hexadecimal

Area                               Addr   Size   Decimal Bytes (Attributes)
--------------------------------   ----   ----   ------- ----- ------------
OSEG                               006B   000C =     12. bytes (REL,OVR)

      Value  Global                              Global Defined In Module
      -----  ---------------------------------   ------------------------
            006B  LMbLrc$len$1$1                   
            006B  LMrtuAnsErr$fce$1$1              
            006B  LMrtuAnsRd$fce$1$1               
            006B  LMrtuCrc$len$1$1                 
            006B  LMrtuRd$fce$1$1                  
            006B  LMrtuWr$fce$1$1                  
            006B  LMrtuWrCrc$bf$1$1                
            006B  LMrtuWrOne$fce$1$1               
            006B  LSendBuf$len$1$1                 
            006B  LWrWord$bf$1$1                   
            006B  _MbLrc_PARM_2                    
            006B  _MrtuAnsErr_PARM_2               
            006B  _MrtuAnsRd_PARM_2                
            006B  _MrtuCrc_PARM_2                  
            006B  _MrtuRd_PARM_2                   
            006B  _MrtuWrCrc_PARM_2                
            006B  _MrtuWrOne_PARM_2                
            006B  _MrtuWr_PARM_2                   
            006B  _SendBuf_PARM_2                  
            006B  _WrWord_PARM_2                   
            006B  __gptrput_PARM_2                 
            006B  _calculate_digit_radix_1_1       
            006C  LMrtuAnsErr$err$1$1              
            006C  LMrtuAnsRd$bytes$1$1             
            006C  LMrtuRd$reg$1$1                  
            006C  LMrtuWr$reg$1$1                  
            006C  LMrtuWrOne$reg$1$1               
            006C  _MrtuAnsErr_PARM_3               
            006C  _MrtuAnsRd_PARM_3                
            006C  _MrtuRd_PARM_3                   
            006C  _MrtuWrOne_PARM_3                
            006C  _MrtuWr_PARM_3                   
            006C  _calculate_digit_i_1_1           
            006D  LMrtuAnsErr$bf$1$1               
            006D  LMrtuAnsRd$vals$1$1              
            006D  _MrtuAnsErr_PARM_4               
            006D  _MrtuAnsRd_PARM_4                
            006E  LMrtuRd$nbr$1$1                  
            006E  LMrtuWr$nbr$1$1                  
            006E  LMrtuWrOne$val$1$1               
            006E  _MrtuRd_PARM_4                   
            006E  _MrtuWrOne_PARM_4                
            006E  _MrtuWr_PARM_4                   
            0070  LMrtuAnsRd$bf$1$1                
            0070  LMrtuRd$bf$1$1                   
            0070  LMrtuWr$vals$1$1                 
            0070  LMrtuWrOne$bf$1$1                
            0070  _MrtuAnsRd_PARM_5                
            0070  _MrtuRd_PARM_5                   
            0070  _MrtuWrOne_PARM_5                
ASxxxx Linker V02.00 + NoICE + sdld,  page 28.
Hexadecimal

Area                               Addr   Size   Decimal Bytes (Attributes)
--------------------------------   ----   ----   ------- ----- ------------
OSEG                               006B   000C =     12. bytes (REL,OVR)

      Value  Global                              Global Defined In Module
      -----  ---------------------------------   ------------------------
            0070  _MrtuWr_PARM_5                   
            0073  LMrtuAnsRd$n$1$1                 
            0073  LMrtuWr$bf$1$1                   
            0073  _MrtuAnsRd_n_1_1                 
            0073  _MrtuWr_PARM_6                   
            0076  LMrtuWr$bytes$1$1                
            0076  _MrtuWr_bytes_1_1                

ASxxxx Linker V02.00 + NoICE + sdld,  page 29.
Hexadecimal

Area                               Addr   Size   Decimal Bytes (Attributes)
--------------------------------   ----   ----   ------- ----- ------------
ISEG                               0000   0006 =      6. bytes (REL,CON)

      Value  Global                              Global Defined In Module
      -----  ---------------------------------   ------------------------
ASxxxx Linker V02.00 + NoICE + sdld,  page 30.
Hexadecimal

Area                               Addr   Size   Decimal Bytes (Attributes)
--------------------------------   ----   ----   ------- ----- ------------
SSEG                               007D   0083 =    131. bytes (REL,OVR)

      Value  Global                              Global Defined In Module
      -----  ---------------------------------   ------------------------
            007D  __start__stack                   

ASxxxx Linker V02.00 + NoICE + sdld,  page 31.
Hexadecimal

Area                               Addr   Size   Decimal Bytes (Attributes)
--------------------------------   ----   ----   ------- ----- ------------
PSEG                               0000   0000 =      0. bytes (REL,CON,PAG,XDATA)

      Value  Global                              Global Defined In Module
      -----  ---------------------------------   ------------------------
ASxxxx Linker V02.00 + NoICE + sdld,  page 32.
Hexadecimal

Area                               Addr   Size   Decimal Bytes (Attributes)
--------------------------------   ----   ----   ------- ----- ------------
XSEG                               0000   0210 =    528. bytes (REL,CON,XDATA)

      Value  Global                              Global Defined In Module
      -----  ---------------------------------   ------------------------
       0D:  0000  G$bufferIn$0$0                   
       0D:  0000  _bufferIn                        
       0D:  0100  G$bufferOut$0$0                  
       0D:  0100  _bufferOut                       
       0D:  0200  Lputchar$linebuff$1$1            

ASxxxx Linker V02.00 + NoICE + sdld,  page 33.
Hexadecimal

Area                               Addr   Size   Decimal Bytes (Attributes)
--------------------------------   ----   ----   ------- ----- ------------
XISEG                              0210   0000 =      0. bytes (REL,CON,XDATA)

      Value  Global                              Global Defined In Module
      -----  ---------------------------------   ------------------------
ASxxxx Linker V02.00 + NoICE + sdld,  page 34.
Hexadecimal

Area                               Addr   Size   Decimal Bytes (Attributes)
--------------------------------   ----   ----   ------- ----- ------------
HOME                               0000   0008 =      8. bytes (REL,CON,CODE)

      Value  Global                              Global Defined In Module
      -----  ---------------------------------   ------------------------
       0C:  0000  A$main$803                       
       0C:  0003  A$main$825                       
       0C:  0003  __sdcc_program_startup           
       0C:  0006  A$main$827                       
ASxxxx Linker V02.00 + NoICE + sdld,  page 35.
Hexadecimal

Area                               Addr   Size   Decimal Bytes (Attributes)
--------------------------------   ----   ----   ------- ----- ------------
GSINIT0                            0008   0003 =      3. bytes (REL,CON,CODE)

      Value  Global                              Global Defined In Module
      -----  ---------------------------------   ------------------------
       0C:  0008  __sdcc_gsinit_startup            

ASxxxx Linker V02.00 + NoICE + sdld,  page 36.
Hexadecimal

Area                               Addr   Size   Decimal Bytes (Attributes)
--------------------------------   ----   ----   ------- ----- ------------
GSINIT1                            000B   0000 =      0. bytes (REL,CON,CODE)

      Value  Global                              Global Defined In Module
      -----  ---------------------------------   ------------------------
ASxxxx Linker V02.00 + NoICE + sdld,  page 37.
Hexadecimal

Area                               Addr   Size   Decimal Bytes (Attributes)
--------------------------------   ----   ----   ------- ----- ------------
GSINIT2                            000B   000A =     10. bytes (REL,CON,CODE)

      Value  Global                              Global Defined In Module
      -----  ---------------------------------   ------------------------
ASxxxx Linker V02.00 + NoICE + sdld,  page 38.
Hexadecimal

Area                               Addr   Size   Decimal Bytes (Attributes)
--------------------------------   ----   ----   ------- ----- ------------
GSINIT3                            0015   0022 =     34. bytes (REL,CON,CODE)

      Value  Global                              Global Defined In Module
      -----  ---------------------------------   ------------------------
       0C:  0015  __mcs51_genXINIT                 

ASxxxx Linker V02.00 + NoICE + sdld,  page 39.
Hexadecimal

Area                               Addr   Size   Decimal Bytes (Attributes)
--------------------------------   ----   ----   ------- ----- ------------
GSINIT4                            0037   002A =     42. bytes (REL,CON,CODE)

      Value  Global                              Global Defined In Module
      -----  ---------------------------------   ------------------------
       0C:  0037  __mcs51_genRAMCLEAR              
       0C:  003D  __mcs51_genXRAMCLEAR             

ASxxxx Linker V02.00 + NoICE + sdld,  page 40.
Hexadecimal

Area                               Addr   Size   Decimal Bytes (Attributes)
--------------------------------   ----   ----   ------- ----- ------------
GSINIT5                            0061   0000 =      0. bytes (REL,CON,CODE)

      Value  Global                              Global Defined In Module
      -----  ---------------------------------   ------------------------
ASxxxx Linker V02.00 + NoICE + sdld,  page 41.
Hexadecimal

Area                               Addr   Size   Decimal Bytes (Attributes)
--------------------------------   ----   ----   ------- ----- ------------
GSINIT                             0061   0000 =      0. bytes (REL,CON,CODE)

      Value  Global                              Global Defined In Module
      -----  ---------------------------------   ------------------------
ASxxxx Linker V02.00 + NoICE + sdld,  page 42.
Hexadecimal

Area                               Addr   Size   Decimal Bytes (Attributes)
--------------------------------   ----   ----   ------- ----- ------------
GSFINAL                            0061   0003 =      3. bytes (REL,CON,CODE)

      Value  Global                              Global Defined In Module
      -----  ---------------------------------   ------------------------
       0C:  0061  A$main$818                       

ASxxxx Linker V02.00 + NoICE + sdld,  page 43.
Hexadecimal

Area                               Addr   Size   Decimal Bytes (Attributes)
--------------------------------   ----   ----   ------- ----- ------------
CSEG                               0064   163E =   5694. bytes (REL,CON,CODE)

      Value  Global                              Global Defined In Module
      -----  ---------------------------------   ------------------------
       0C:  0064  A$main$853                       
       0C:  0064  C$main.c$55$0$0                  
       0C:  0064  C$main.c$57$1$1                  
       0C:  0064  G$TimerInit$0$0                  
       0C:  0064  _TimerInit                       
       0C:  0067  A$main$856                       
       0C:  0067  C$main.c$58$1$1                  
       0C:  0069  A$main$859                       
       0C:  0069  C$main.c$59$1$1                  
       0C:  006B  A$main$862                       
       0C:  006B  C$main.c$60$1$1                  
       0C:  006D  A$main$865                       
       0C:  006D  C$main.c$61$1$1                  
       0C:  0070  A$main$868                       
       0C:  0070  C$main.c$62$1$1                  
       0C:  0070  XG$TimerInit$0$0                 
       0C:  0071  A$main$882                       
       0C:  0071  C$main.c$65$1$1                  
       0C:  0071  C$main.c$67$1$1                  
       0C:  0071  G$ComInit$0$0                    
       0C:  0071  _ComInit                         
       0C:  0074  A$main$885                       
       0C:  0074  C$main.c$68$1$1                  
       0C:  0077  A$main$888                       
       0C:  0077  C$main.c$69$1$1                  
       0C:  007A  A$main$891                       
       0C:  007A  C$main.c$70$1$1                  
       0C:  007D  A$main$894                       
       0C:  007D  C$main.c$71$1$1                  
       0C:  007D  XG$ComInit$0$0                   
       0C:  007E  A$main$908                       
       0C:  007E  C$main.c$74$1$1                  
       0C:  007E  C$main.c$76$1$1                  
       0C:  007E  G$VarInit$0$0                    
       0C:  007E  _VarInit                         
       0C:  007F  A$main$909                       
       0C:  0081  A$main$910                       
       0C:  0083  A$main$913                       
       0C:  0083  C$main.c$77$1$1                  
       0C:  0084  A$main$914                       
       0C:  0086  A$main$915                       
       0C:  0088  A$main$918                       
       0C:  0088  C$main.c$78$1$1                  
       0C:  008B  A$main$921                       
       0C:  008B  C$main.c$79$1$1                  
       0C:  008B  XG$VarInit$0$0                   
       0C:  008C  A$main$935                       
       0C:  008C  C$main.c$82$1$1                  
       0C:  008C  G$SendBuf$0$0                    
       0C:  008C  _SendBuf                         
ASxxxx Linker V02.00 + NoICE + sdld,  page 44.
Hexadecimal

Area                               Addr   Size   Decimal Bytes (Attributes)
--------------------------------   ----   ----   ------- ----- ------------
CSEG                               0064   163E =   5694. bytes (REL,CON,CODE)

      Value  Global                              Global Defined In Module
      -----  ---------------------------------   ------------------------
       0C:  008E  A$main$936                       
       0C:  0090  A$main$937                       
       0C:  0092  A$main$940                       
       0C:  0092  C$main.c$84$1$1                  
       0C:  0094  A$main$942                       
       0C:  0096  A$main$943                       
       0C:  0097  A$main$944                       
       0C:  0098  A$main$945                       
       0C:  009A  A$main$948                       
       0C:  009A  C$main.c$86$2$2                  
       0C:  009C  A$main$949                       
       0C:  009E  A$main$950                       
       0C:  00A0  A$main$951                       
       0C:  00A3  A$main$952                       
       0C:  00A4  A$main$953                       
       0C:  00A5  A$main$954                       
       0C:  00A7  A$main$955                       
       0C:  00A9  A$main$956                       
       0C:  00AB  A$main$957                       
       0C:  00AC  A$main$958                       
       0C:  00AE  A$main$964                       
       0C:  00AE  C$main.c$87$2$2                  
       0C:  00AE  C$main.c$88$2$2                  
       0C:  00B1  A$main$965                       
       0C:  00B3  A$main$967                       
       0C:  00B5  A$main$971                       
       0C:  00B5  C$main.c$90$1$1                  
       0C:  00B5  XG$SendBuf$0$0                   
       0C:  00B6  A$main$985                       
       0C:  00B6  C$main.c$93$1$1                  
       0C:  00B6  C$main.c$96$1$1                  
       0C:  00B6  G$main$0$0                       
       0C:  00B6  _main                            
       0C:  00B9  A$main$988                       
       0C:  00B9  C$main.c$97$1$1                  
       0C:  00BC  A$main$989                       
       0C:  00BF  A$main$992                       
       0C:  00BF  C$main.c$98$1$1                  
       0C:  00C2  A$main$995                       
       0C:  00C2  C$main.c$99$1$1                  
       0C:  00C5  A$main$998                       
       0C:  00C5  C$main.c$100$1$1                 
       0C:  00C8  A$main$1001                      
       0C:  00C8  C$main.c$101$1$1                 
       0C:  00CB  A$main$1007                      
       0C:  00CB  C$main.c$104$1$1                 
       0C:  00CB  C$main.c$107$2$2                 
       0C:  00CE  A$main$1010                      
       0C:  00CE  C$main.c$110$3$3                 
       0C:  00D0  A$main$1011                      
       0C:  00D2  A$main$1012                      
ASxxxx Linker V02.00 + NoICE + sdld,  page 45.
Hexadecimal

Area                               Addr   Size   Decimal Bytes (Attributes)
--------------------------------   ----   ----   ------- ----- ------------
CSEG                               0064   163E =   5694. bytes (REL,CON,CODE)

      Value  Global                              Global Defined In Module
      -----  ---------------------------------   ------------------------
       0C:  00D3  A$main$1013                      
       0C:  00D5  A$main$1014                      
       0C:  00D8  A$main$1017                      
       0C:  00D8  C$main.c$112$4$4                 
       0C:  00D9  A$main$1018                      
       0C:  00DB  A$main$1019                      
       0C:  00DD  A$main$1022                      
       0C:  00DD  C$main.c$113$4$4                 
       0C:  00E0  A$main$1023                      
       0C:  00E3  A$main$1026                      
       0C:  00E3  C$main.c$114$4$4                 
       0C:  00E5  A$main$1027                      
       0C:  00E7  A$main$1031                      
       0C:  00E7  C$main.c$118$3$3                 
       0C:  00E9  A$main$1032                      
       0C:  00EB  A$main$1033                      
       0C:  00ED  A$main$1036                      
       0C:  00ED  C$main.c$120$4$5                 
       0C:  00EF  A$main$1037                      
       0C:  00F0  A$main$1038                      
       0C:  00F3  A$main$1039                      
       0C:  00F5  A$main$1043                      
       0C:  00F5  C$main.c$121$4$5                 
       0C:  00F7  A$main$1047                      
       0C:  00F7  C$main.c$125$3$3                 
       0C:  00F9  A$main$1048                      
       0C:  00FB  A$main$1049                      
       0C:  00FD  A$main$1050                      
       0C:  00FF  A$main$1051                      
       0C:  0101  A$main$1052                      
       0C:  0103  A$main$1053                      
       0C:  0105  A$main$1054                      
       0C:  0106  A$main$1055                      
       0C:  0107  A$main$1058                      
       0C:  0107  C$main.c$128$3$3                 
       0C:  0109  A$main$1059                      
       0C:  010B  A$main$1060                      
       0C:  010D  A$main$1061                      
       0C:  010F  A$main$1062                      
       0C:  0112  A$main$1065                      
       0C:  0112  C$main.c$130$4$6                 
       0C:  0113  A$main$1066                      
       0C:  0115  A$main$1067                      
       0C:  0117  A$main$1070                      
       0C:  0117  C$main.c$132$4$6                 
       0C:  0119  A$main$1071                      
       0C:  011B  A$main$1072                      
       0C:  011D  A$main$1073                      
       0C:  0120  A$main$1074                      
       0C:  0123  A$main$1075                      
       0C:  0126  A$main$1076                      
ASxxxx Linker V02.00 + NoICE + sdld,  page 46.
Hexadecimal

Area                               Addr   Size   Decimal Bytes (Attributes)
--------------------------------   ----   ----   ------- ----- ------------
CSEG                               0064   163E =   5694. bytes (REL,CON,CODE)

      Value  Global                              Global Defined In Module
      -----  ---------------------------------   ------------------------
       0C:  0128  A$main$1077                      
       0C:  012A  A$main$1078                      
       0C:  012C  A$main$1079                      
       0C:  012D  A$main$1080                      
       0C:  012F  A$main$1081                      
       0C:  0131  A$main$1082                      
       0C:  0132  A$main$1083                      
       0C:  0133  A$main$1084                      
       0C:  0135  A$main$1085                      
       0C:  0136  A$main$1086                      
       0C:  0137  A$main$1087                      
       0C:  0139  A$main$1088                      
       0C:  013A  A$main$1089                      
       0C:  013C  A$main$1090                      
       0C:  013E  A$main$1091                      
       0C:  0140  A$main$1092                      
       0C:  0142  A$main$1093                      
       0C:  0144  A$main$1094                      
       0C:  0147  A$main$1095                      
       0C:  0149  A$main$1096                      
       0C:  014B  A$main$1097                      
       0C:  014D  A$main$1098                      
       0C:  014E  A$main$1099                      
       0C:  0151  A$main$1100                      
       0C:  0153  A$main$1102                      
       0C:  0156  A$main$1104                      
       0C:  0159  A$main$1105                      
       0C:  015C  A$main$1106                      
       0C:  015F  A$main$1107                      
       0C:  0161  A$main$1108                      
       0C:  0164  A$main$1109                      
       0C:  0166  A$main$1111                      
       0C:  0169  A$main$1115                      
       0C:  0169  C$main.c$134$5$7                 
       0C:  016C  A$main$1116                      
       0C:  016F  A$main$1117                      
       0C:  0172  A$main$1118                      
       0C:  0175  A$main$1121                      
       0C:  0175  C$main.c$135$5$7                 
       0C:  0178  A$main$1124                      
       0C:  0178  C$main.c$136$5$7                 
       0C:  017A  A$main$1125                      
       0C:  017D  A$main$1126                      
       0C:  0180  A$main$1128                      
       0C:  0182  A$main$1129                      
       0C:  0185  A$main$1130                      
       0C:  0187  A$main$1132                      
       0C:  018A  A$main$1136                      
       0C:  018A  C$main.c$142$6$8                 
       0C:  018D  A$main$1137                      
       0C:  0190  A$main$1138                      
ASxxxx Linker V02.00 + NoICE + sdld,  page 47.
Hexadecimal

Area                               Addr   Size   Decimal Bytes (Attributes)
--------------------------------   ----   ----   ------- ----- ------------
CSEG                               0064   163E =   5694. bytes (REL,CON,CODE)

      Value  Global                              Global Defined In Module
      -----  ---------------------------------   ------------------------
       0C:  0193  A$main$1139                      
       0C:  0195  A$main$1140                      
       0C:  0197  A$main$1141                      
       0C:  0199  A$main$1142                      
       0C:  019B  A$main$1143                      
       0C:  019C  A$main$1144                      
       0C:  019D  A$main$1145                      
       0C:  019F  A$main$1146                      
       0C:  01A2  A$main$1147                      
       0C:  01A4  A$main$1151                      
       0C:  01A4  C$main.c$143$6$8                 
       0C:  01A7  A$main$1152                      
       0C:  01AA  A$main$1153                      
       0C:  01AD  A$main$1154                      
       0C:  01AF  A$main$1155                      
       0C:  01B1  A$main$1156                      
       0C:  01B3  A$main$1157                      
       0C:  01B5  A$main$1158                      
       0C:  01B6  A$main$1159                      
       0C:  01B8  A$main$1160                      
       0C:  01B9  A$main$1161                      
       0C:  01BB  A$main$1162                      
       0C:  01BC  A$main$1163                      
       0C:  01BE  A$main$1164                      
       0C:  01C1  A$main$1165                      
       0C:  01C3  A$main$1169                      
       0C:  01C3  C$main.c$146$6$8                 
       0C:  01C5  A$main$1170                      
       0C:  01C7  A$main$1171                      
       0C:  01C9  A$main$1172                      
       0C:  01CB  A$main$1173                      
       0C:  01CD  A$main$1174                      
       0C:  01CF  A$main$1175                      
       0C:  01D1  A$main$1176                      
       0C:  01D3  A$main$1177                      
       0C:  01D6  A$main$1178                      
       0C:  01D8  A$main$1179                      
       0C:  01DA  A$main$1180                      
       0C:  01DC  A$main$1184                      
       0C:  01DC  C$main.c$149$6$8                 
       0C:  01DE  A$main$1185                      
       0C:  01E0  A$main$1186                      
       0C:  01E3  A$main$1188                      
       0C:  01E6  A$main$1189                      
       0C:  01E9  A$main$1190                      
       0C:  01EC  A$main$1191                      
       0C:  01EF  A$main$1192                      
       0C:  01F2  A$main$1193                      
       0C:  01F5  A$main$1194                      
       0C:  01F8  A$main$1195                      
       0C:  01FB  A$main$1196                      
ASxxxx Linker V02.00 + NoICE + sdld,  page 48.
Hexadecimal

Area                               Addr   Size   Decimal Bytes (Attributes)
--------------------------------   ----   ----   ------- ----- ------------
CSEG                               0064   163E =   5694. bytes (REL,CON,CODE)

      Value  Global                              Global Defined In Module
      -----  ---------------------------------   ------------------------
       0C:  01FE  A$main$1197                      
       0C:  0201  A$main$1198                      
       0C:  0203  A$main$1199                      
       0C:  0205  A$main$1200                      
       0C:  0208  A$main$1205                      
       0C:  0208  C$main.c$150$6$8                 
       0C:  0208  C$main.c$153$6$8                 
       0C:  020A  A$main$1209                      
       0C:  020A  C$main.c$156$6$8                 
       0C:  020D  A$main$1210                      
       0C:  0210  A$main$1211                      
       0C:  0213  A$main$1212                      
       0C:  0215  A$main$1213                      
       0C:  0217  A$main$1214                      
       0C:  0219  A$main$1215                      
       0C:  021B  A$main$1216                      
       0C:  021C  A$main$1217                      
       0C:  021D  A$main$1218                      
       0C:  021F  A$main$1219                      
       0C:  0222  A$main$1220                      
       0C:  0224  A$main$1221                      
       0C:  0227  A$main$1222                      
       0C:  0229  A$main$1223                      
       0C:  022B  A$main$1224                      
       0C:  022D  A$main$1225                      
       0C:  0230  A$main$1228                      
       0C:  0230  C$main.c$158$7$9                 
       0C:  0232  A$main$1229                      
       0C:  0233  A$main$1230                      
       0C:  0234  A$main$1231                      
       0C:  0235  A$main$1232                      
       0C:  0236  A$main$1233                      
       0C:  0238  A$main$1236                      
       0C:  0238  C$main.c$159$7$9                 
       0C:  023B  A$main$1237                      
       0C:  023E  A$main$1238                      
       0C:  0241  A$main$1239                      
       0C:  0244  A$main$1240                      
       0C:  0247  A$main$1241                      
       0C:  024A  A$main$1242                      
       0C:  024D  A$main$1243                      
       0C:  0250  A$main$1244                      
       0C:  0253  A$main$1245                      
       0C:  0256  A$main$1246                      
       0C:  0258  A$main$1247                      
       0C:  025A  A$main$1248                      
       0C:  025D  A$main$1249                      
       0C:  025F  A$main$1253                      
       0C:  025F  C$main.c$163$6$8                 
       0C:  0262  A$main$1258                      
       0C:  0262  C$main.c$164$6$8                 
ASxxxx Linker V02.00 + NoICE + sdld,  page 49.
Hexadecimal

Area                               Addr   Size   Decimal Bytes (Attributes)
--------------------------------   ----   ----   ------- ----- ------------
CSEG                               0064   163E =   5694. bytes (REL,CON,CODE)

      Value  Global                              Global Defined In Module
      -----  ---------------------------------   ------------------------
       0C:  0262  C$main.c$167$6$8                 
       0C:  0264  A$main$1260                      
       0C:  0267  A$main$1266                      
       0C:  0267  C$main.c$168$5$7                 
       0C:  0267  C$main.c$171$5$7                 
       0C:  0269  A$main$1267                      
       0C:  026B  A$main$1268                      
       0C:  026D  A$main$1269                      
       0C:  026F  A$main$1270                      
       0C:  0271  A$main$1271                      
       0C:  0274  A$main$1272                      
       0C:  0277  A$main$1273                      
       0C:  027A  A$main$1274                      
       0C:  027D  A$main$1275                      
       0C:  0280  A$main$1276                      
       0C:  0283  A$main$1277                      
       0C:  0285  A$main$1278                      
       0C:  0287  A$main$1279                      
       0C:  028A  A$main$1283                      
       0C:  028A  C$main.c$175$5$7                 
       0C:  028C  A$main$1286                      
       0C:  028C  C$main.c$177$5$7                 
       0C:  028E  A$main$1287                      
       0C:  028F  A$main$1288                      
       0C:  0291  A$main$1289                      
       0C:  0294  A$main$1290                      
       0C:  0297  A$main$1291                      
       0C:  029A  A$main$1292                      
       0C:  029C  A$main$1293                      
       0C:  029E  A$main$1294                      
       0C:  029F  A$main$1295                      
       0C:  02A1  A$main$1296                      
       0C:  02A3  A$main$1297                      
       0C:  02A4  A$main$1298                      
       0C:  02A6  A$main$1299                      
       0C:  02A8  A$main$1300                      
       0C:  02AB  A$main$1301                      
       0C:  02AE  A$main$1302                      
       0C:  02B0  A$main$1303                      
       0C:  02B2  A$main$1304                      
       0C:  02B3  A$main$1305                      
       0C:  02B5  A$main$1306                      
       0C:  02B7  A$main$1307                      
       0C:  02B8  A$main$1308                      
       0C:  02BA  A$main$1309                      
       0C:  02BC  A$main$1312                      
       0C:  02BC  C$main.c$178$5$7                 
       0C:  02BE  A$main$1313                      
       0C:  02C0  A$main$1314                      
       0C:  02C1  A$main$1315                      
       0C:  02C3  A$main$1316                      
ASxxxx Linker V02.00 + NoICE + sdld,  page 50.
Hexadecimal

Area                               Addr   Size   Decimal Bytes (Attributes)
--------------------------------   ----   ----   ------- ----- ------------
CSEG                               0064   163E =   5694. bytes (REL,CON,CODE)

      Value  Global                              Global Defined In Module
      -----  ---------------------------------   ------------------------
       0C:  02C5  A$main$1317                      
       0C:  02C6  A$main$1318                      
       0C:  02C8  A$main$1319                      
       0C:  02CA  A$main$1320                      
       0C:  02CC  A$main$1321                      
       0C:  02CE  A$main$1322                      
       0C:  02D1  A$main$1323                      
       0C:  02D3  A$main$1324                      
       0C:  02D5  A$main$1325                      
       0C:  02D6  A$main$1326                      
       0C:  02D8  A$main$1327                      
       0C:  02DA  A$main$1328                      
       0C:  02DB  A$main$1329                      
       0C:  02DD  A$main$1330                      
       0C:  02DF  A$main$1333                      
       0C:  02DF  C$main.c$179$5$7                 
       0C:  02E2  A$main$1334                      
       0C:  02E5  A$main$1335                      
       0C:  02E8  A$main$1336                      
       0C:  02EB  A$main$1339                      
       0C:  02EB  C$main.c$181$5$7                 
       0C:  02ED  A$main$1342                      
       0C:  02ED  C$main.c$186$1$1                 
       0C:  02ED  XG$main$0$0                      
       0C:  02F0  A$adc$761                        
       0C:  02F0  C$adc.c$5$0$0                    
       0C:  02F0  G$AdcInit$0$0                    
       0C:  02F0  _AdcInit                         
       0C:  02F3  A$adc$764                        
       0C:  02F3  C$adc.c$8$1$1                    
       0C:  02F6  A$adc$767                        
       0C:  02F6  C$adc.c$9$1$1                    
       0C:  02F9  A$adc$770                        
       0C:  02F9  C$adc.c$10$1$1                   
       0C:  02F9  XG$AdcInit$0$0                   
       0C:  02FA  A$adc$783                        
       0C:  02FA  C$adc.c$12$1$1                   
       0C:  02FA  G$AdcConv$0$0                    
       0C:  02FA  _AdcConv                         
       0C:  02FC  A$adc$786                        
       0C:  02FC  C$adc.c$14$1$1                   
       0C:  02FF  A$adc$789                        
       0C:  02FF  C$adc.c$15$1$1                   
       0C:  0301  A$adc$790                        
       0C:  0302  A$adc$791                        
       0C:  0304  A$adc$794                        
       0C:  0304  C$adc.c$16$1$1                   
       0C:  0307  A$adc$798                        
       0C:  0307  C$adc.c$17$1$1                   
       0C:  0309  A$adc$799                        
       0C:  030C  A$adc$802                        
ASxxxx Linker V02.00 + NoICE + sdld,  page 51.
Hexadecimal

Area                               Addr   Size   Decimal Bytes (Attributes)
--------------------------------   ----   ----   ------- ----- ------------
CSEG                               0064   163E =   5694. bytes (REL,CON,CODE)

      Value  Global                              Global Defined In Module
      -----  ---------------------------------   ------------------------
       0C:  030C  C$adc.c$18$1$1                   
       0C:  030F  A$adc$805                        
       0C:  030F  C$adc.c$19$1$1                   
       0C:  0311  A$adc$806                        
       0C:  0312  A$adc$807                        
       0C:  0313  A$adc$808                        
       0C:  0315  A$adc$809                        
       0C:  0316  A$adc$810                        
       0C:  0317  A$adc$811                        
       0C:  0318  A$adc$812                        
       0C:  031A  A$adc$813                        
       0C:  031B  A$adc$814                        
       0C:  031C  A$adc$815                        
       0C:  031D  A$adc$816                        
       0C:  031F  A$adc$817                        
       0C:  0321  A$adc$818                        
       0C:  0322  A$adc$819                        
       0C:  0324  A$adc$820                        
       0C:  0325  A$adc$821                        
       0C:  0326  A$adc$822                        
       0C:  0328  A$adc$823                        
       0C:  0329  A$adc$824                        
       0C:  032A  A$adc$825                        
       0C:  032C  A$adc$828                        
       0C:  032C  C$adc.c$20$1$1                   
       0C:  032C  XG$AdcConv$0$0                   
       0C:  032D  A$lcd$427                        
[...]
       0C:  0E9D  A$modbus$2449                    
       0C:  0E9D  C$modbus.c$252$1$1               
       0C:  0E9F  A$modbus$2450                    
       0C:  0EA1  A$modbus$2451                    
       0C:  0EA3  A$modbus$2452                    
       0C:  0EA5  A$modbus$2453                    
       0C:  0EA7  A$modbus$2454                    
       0C:  0EA9  A$modbus$2455                    
       0C:  0EAA  A$modbus$2456                    
       0C:  0EAD  A$modbus$2457                    
       0C:  0EAF  A$modbus$2458                    
       0C:  0EB0  A$modbus$2459                    
       0C:  0EB2  A$modbus$2460                    
       0C:  0EB3  A$modbus$2461                    
       0C:  0EB4  A$modbus$2462                    
       0C:  0EB6  A$modbus$2463                    
       0C:  0EB8  A$modbus$2466                    
       0C:  0EB8  C$modbus.c$253$1$1               
       0C:  0EBA  A$modbus$2467                    
       0C:  0EBC  A$modbus$2468                    
       0C:  0EBE  A$modbus$2469                    
       0C:  0EC0  A$modbus$2470                    
       0C:  0EC2  A$modbus$2471                    
       0C:  0EC4  A$modbus$2472                    
       0C:  0EC6  A$modbus$2473                    
       0C:  0EC9  A$modbus$2474                    
       0C:  0ECB  A$modbus$2475                    
       0C:  0ECC  A$modbus$2476                    
       0C:  0ECE  A$modbus$2477                    
       0C:  0ECF  A$modbus$2478                    
       0C:  0ED0  A$modbus$2479                    
       0C:  0ED2  A$modbus$2480                    
       0C:  0ED4  A$modbus$2483                    
       0C:  0ED4  C$modbus.c$254$1$1               
       0C:  0ED6  A$modbus$2484                    
       0C:  0ED8  A$modbus$2485                    
       0C:  0EDA  A$modbus$2486                    
       0C:  0EDC  A$modbus$2487                    
       0C:  0EDE  A$modbus$2488                    
       0C:  0EE0  A$modbus$2489                    
       0C:  0EE2  A$modbus$2490                    
       0C:  0EE3  A$modbus$2491                    
       0C:  0EE6  A$modbus$2492                    
ASxxxx Linker V02.00 + NoICE + sdld,  page 89.
Hexadecimal

Area                               Addr   Size   Decimal Bytes (Attributes)
--------------------------------   ----   ----   ------- ----- ------------
CSEG                               0064   163E =   5694. bytes (REL,CON,CODE)

      Value  Global                              Global Defined In Module
      -----  ---------------------------------   ------------------------
       0C:  0EE8  A$modbus$2493                    
       0C:  0EE9  A$modbus$2494                    
       0C:  0EEB  A$modbus$2495                    
       0C:  0EEC  A$modbus$2496                    
       0C:  0EED  A$modbus$2497                    
       0C:  0EEF  A$modbus$2498                    
       0C:  0EF1  A$modbus$2501                    
       0C:  0EF1  C$modbus.c$255$1$1               
       0C:  0EF3  A$modbus$2502                    
       0C:  0EF5  A$modbus$2503                    
       0C:  0EF7  A$modbus$2504                    
       0C:  0EF9  A$modbus$2505                    
       0C:  0EFB  A$modbus$2506                    
       0C:  0EFD  A$modbus$2507                    
       0C:  0EFF  A$modbus$2508                    
       0C:  0F00  A$modbus$2509                    
       0C:  0F03  A$modbus$2510                    
       0C:  0F05  A$modbus$2511                    
       0C:  0F06  A$modbus$2512                    
       0C:  0F08  A$modbus$2513                    
       0C:  0F09  A$modbus$2514                    
       0C:  0F0A  A$modbus$2515                    
       0C:  0F0C  A$modbus$2516                    
       0C:  0F0E  A$modbus$2519                    
       0C:  0F0E  C$modbus.c$256$1$1               
       0C:  0F10  A$modbus$2520                    
       0C:  0F12  A$modbus$2521                    
       0C:  0F14  A$modbus$2522                    
       0C:  0F16  A$modbus$2523                    
       0C:  0F18  A$modbus$2524                    
       0C:  0F1A  A$modbus$2525                    
       0C:  0F1C  A$modbus$2526                    
       0C:  0F1D  A$modbus$2527                    
       0C:  0F20  A$modbus$2528                    
       0C:  0F22  A$modbus$2529                    
       0C:  0F23  A$modbus$2530                    
       0C:  0F25  A$modbus$2531                    
       0C:  0F26  A$modbus$2532                    
       0C:  0F27  A$modbus$2533                    
       0C:  0F29  A$modbus$2534                    
       0C:  0F2B  A$modbus$2537                    
       0C:  0F2B  C$modbus.c$257$1$1               
       0C:  0F2D  A$modbus$2538                    
       0C:  0F2F  A$modbus$2539                    
       0C:  0F31  A$modbus$2540                    
       0C:  0F33  A$modbus$2541                    
       0C:  0F35  A$modbus$2542                    
       0C:  0F37  A$modbus$2543                    
       0C:  0F39  A$modbus$2544                    
       0C:  0F3A  A$modbus$2545                    
       0C:  0F3D  A$modbus$2548                    
ASxxxx Linker V02.00 + NoICE + sdld,  page 90.
Hexadecimal

Area                               Addr   Size   Decimal Bytes (Attributes)
--------------------------------   ----   ----   ------- ----- ------------
CSEG                               0064   163E =   5694. bytes (REL,CON,CODE)

      Value  Global                              Global Defined In Module
      -----  ---------------------------------   ------------------------
       0C:  0F3D  C$modbus.c$258$1$1               
       0C:  0F40  A$modbus$2551                    
       0C:  0F40  C$modbus.c$259$1$1               
       0C:  0F40  XG$MrtuRd$0$0                    
       0C:  0F41  A$modbus$2571                    
       0C:  0F41  C$modbus.c$261$1$1               
       0C:  0F41  G$MrtuWr$0$0                     
       0C:  0F41  _MrtuWr                          
       0C:  0F43  A$modbus$2574                    
       0C:  0F43  C$modbus.c$265$1$1               
       0C:  0F45  A$modbus$2575                    
       0C:  0F47  A$modbus$2576                    
       0C:  0F49  A$modbus$2577                    
       0C:  0F4B  A$modbus$2578                    
       0C:  0F4D  A$modbus$2579                    
       0C:  0F4F  A$modbus$2580                    
       0C:  0F50  A$modbus$2581                    
       0C:  0F53  A$modbus$2582                    
       0C:  0F55  A$modbus$2583                    
       0C:  0F56  A$modbus$2584                    
       0C:  0F58  A$modbus$2585                    
       0C:  0F59  A$modbus$2586                    
       0C:  0F5A  A$modbus$2587                    
       0C:  0F5C  A$modbus$2588                    
       0C:  0F5E  A$modbus$2591                    
       0C:  0F5E  C$modbus.c$266$1$1               
       0C:  0F60  A$modbus$2592                    
       0C:  0F62  A$modbus$2593                    
       0C:  0F64  A$modbus$2594                    
       0C:  0F66  A$modbus$2595                    
       0C:  0F68  A$modbus$2596                    
       0C:  0F6A  A$modbus$2597                    
       0C:  0F6C  A$modbus$2598                    
       0C:  0F6F  A$modbus$2599                    
       0C:  0F71  A$modbus$2600                    
       0C:  0F72  A$modbus$2601                    
       0C:  0F74  A$modbus$2602                    
       0C:  0F75  A$modbus$2603                    
       0C:  0F76  A$modbus$2604                    
       0C:  0F78  A$modbus$2605                    
       0C:  0F7A  A$modbus$2608                    
       0C:  0F7A  C$modbus.c$267$1$1               
       0C:  0F7C  A$modbus$2609                    
       0C:  0F7E  A$modbus$2610                    
       0C:  0F80  A$modbus$2611                    
       0C:  0F82  A$modbus$2612                    
       0C:  0F84  A$modbus$2613                    
       0C:  0F86  A$modbus$2614                    
       0C:  0F88  A$modbus$2615                    
       0C:  0F89  A$modbus$2616                    
       0C:  0F8C  A$modbus$2617                    
ASxxxx Linker V02.00 + NoICE + sdld,  page 91.
Hexadecimal

Area                               Addr   Size   Decimal Bytes (Attributes)
--------------------------------   ----   ----   ------- ----- ------------
CSEG                               0064   163E =   5694. bytes (REL,CON,CODE)

      Value  Global                              Global Defined In Module
      -----  ---------------------------------   ------------------------
       0C:  0F8E  A$modbus$2618                    
       0C:  0F8F  A$modbus$2619                    
       0C:  0F91  A$modbus$2620                    
       0C:  0F92  A$modbus$2621                    
       0C:  0F93  A$modbus$2622                    
       0C:  0F95  A$modbus$2623                    
       0C:  0F97  A$modbus$2626                    
       0C:  0F97  C$modbus.c$268$1$1               
       0C:  0F99  A$modbus$2627                    
       0C:  0F9B  A$modbus$2628                    
       0C:  0F9D  A$modbus$2629                    
       0C:  0F9F  A$modbus$2630                    
       0C:  0FA1  A$modbus$2631                    
       0C:  0FA3  A$modbus$2632                    
       0C:  0FA5  A$modbus$2633                    
       0C:  0FA6  A$modbus$2634                    
       0C:  0FA9  A$modbus$2635                    
       0C:  0FAB  A$modbus$2636                    
       0C:  0FAC  A$modbus$2637                    
       0C:  0FAE  A$modbus$2638                    
       0C:  0FAF  A$modbus$2639                    
       0C:  0FB0  A$modbus$2640                    
       0C:  0FB2  A$modbus$2641                    
       0C:  0FB4  A$modbus$2644                    
       0C:  0FB4  C$modbus.c$269$1$1               
       0C:  0FB6  A$modbus$2645                    
       0C:  0FB8  A$modbus$2646                    
       0C:  0FBA  A$modbus$2647                    
       0C:  0FBC  A$modbus$2648                    
       0C:  0FBE  A$modbus$2649                    
       0C:  0FC0  A$modbus$2650                    
       0C:  0FC2  A$modbus$2651                    
       0C:  0FC3  A$modbus$2652                    
       0C:  0FC6  A$modbus$2653                    
       0C:  0FC8  A$modbus$2654                    
       0C:  0FC9  A$modbus$2655                    
       0C:  0FCB  A$modbus$2656                    
       0C:  0FCC  A$modbus$2657                    
       0C:  0FCD  A$modbus$2658                    
       0C:  0FCF  A$modbus$2659                    
       0C:  0FD1  A$modbus$2662                    
       0C:  0FD1  C$modbus.c$270$1$1               
       0C:  0FD3  A$modbus$2663                    
       0C:  0FD5  A$modbus$2664                    
       0C:  0FD7  A$modbus$2665                    
       0C:  0FD9  A$modbus$2666                    
       0C:  0FDB  A$modbus$2667                    
       0C:  0FDD  A$modbus$2668                    
       0C:  0FDF  A$modbus$2669                    
       0C:  0FE0  A$modbus$2670                    
       0C:  0FE3  A$modbus$2671                    
ASxxxx Linker V02.00 + NoICE + sdld,  page 92.
Hexadecimal

Area                               Addr   Size   Decimal Bytes (Attributes)
--------------------------------   ----   ----   ------- ----- ------------
CSEG                               0064   163E =   5694. bytes (REL,CON,CODE)

      Value  Global                              Global Defined In Module
      -----  ---------------------------------   ------------------------
       0C:  0FE5  A$modbus$2672                    
       0C:  0FE6  A$modbus$2673                    
       0C:  0FE8  A$modbus$2674                    
       0C:  0FE9  A$modbus$2675                    
       0C:  0FEA  A$modbus$2676                    
       0C:  0FEC  A$modbus$2677                    
       0C:  0FEE  A$modbus$2680                    
       0C:  0FEE  C$modbus.c$271$1$1               
       0C:  0FF0  A$modbus$2681                    
       0C:  0FF3  A$modbus$2682                    
       0C:  0FF5  A$modbus$2684                    
       0C:  0FF7  A$modbus$2685                    
       0C:  0FFA  A$modbus$2688                    
       0C:  0FFA  C$modbus.c$273$2$2               
       0C:  0FFB  A$modbus$2689                    
       0C:  0FFC  A$modbus$2690                    
       0C:  0FFE  A$modbus$2693                    
       0C:  0FFE  C$modbus.c$274$2$2               
       0C:  1000  A$modbus$2695                    
       0C:  1002  A$modbus$2696                    
       0C:  1004  A$modbus$2697                    
       0C:  1005  A$modbus$2698                    
       0C:  1006  A$modbus$2699                    
       0C:  1008  A$modbus$2700                    
       0C:  1009  A$modbus$2701                    
       0C:  100A  A$modbus$2702                    
       0C:  100B  A$modbus$2703                    
       0C:  100C  A$modbus$2704                    
       0C:  100D  A$modbus$2705                    
       0C:  100F  A$modbus$2706                    
       0C:  1010  A$modbus$2707                    
       0C:  1011  A$modbus$2708                    
       0C:  1013  A$modbus$2709                    
       0C:  1014  A$modbus$2710                    
       0C:  1015  A$modbus$2711                    
       0C:  1016  A$modbus$2712                    
       0C:  1017  A$modbus$2713                    
       0C:  1019  A$modbus$2716                    
       0C:  1019  C$modbus.c$275$2$2               
       0C:  101B  A$modbus$2718                    
       0C:  101E  A$modbus$2724                    
       0C:  101E  C$modbus.c$276$1$1               
       0C:  101E  C$modbus.c$277$1$1               
       0C:  1020  A$modbus$2725                    
       0C:  1022  A$modbus$2726                    
       0C:  1024  A$modbus$2727                    
       0C:  1026  A$modbus$2728                    
       0C:  1028  A$modbus$2729                    
       0C:  102A  A$modbus$2730                    
       0C:  102C  A$modbus$2731                    
       0C:  102F  A$modbus$2732                    
ASxxxx Linker V02.00 + NoICE + sdld,  page 93.
Hexadecimal

Area                               Addr   Size   Decimal Bytes (Attributes)
--------------------------------   ----   ----   ------- ----- ------------
CSEG                               0064   163E =   5694. bytes (REL,CON,CODE)

      Value  Global                              Global Defined In Module
      -----  ---------------------------------   ------------------------
       0C:  1031  A$modbus$2733                    
       0C:  1032  A$modbus$2734                    
       0C:  1034  A$modbus$2735                    
       0C:  1035  A$modbus$2736                    
       0C:  1036  A$modbus$2737                    
       0C:  1038  A$modbus$2738                    
       0C:  103A  A$modbus$2741                    
       0C:  103A  C$modbus.c$278$1$1               
       0C:  103C  A$modbus$2742                    
       0C:  103E  A$modbus$2743                    
       0C:  1040  A$modbus$2744                    
       0C:  1042  A$modbus$2745                    
       0C:  1044  A$modbus$2746                    
       0C:  1046  A$modbus$2747                    
       0C:  1048  A$modbus$2749                    
       0C:  104A  A$modbus$2750                    
       0C:  104B  A$modbus$2751                    
       0C:  104C  A$modbus$2752                    
       0C:  104E  A$modbus$2753                    
       0C:  1050  A$modbus$2754                    
       0C:  1052  A$modbus$2755                    
       0C:  1054  A$modbus$2756                    
       0C:  1057  A$modbus$2757                    
       0C:  1058  A$modbus$2758                    
       0C:  1059  A$modbus$2759                    
       0C:  105B  A$modbus$2760                    
       0C:  105D  A$modbus$2761                    
       0C:  105F  A$modbus$2762                    
       0C:  1061  A$modbus$2763                    
       0C:  1063  A$modbus$2764                    
       0C:  1064  A$modbus$2765                    
       0C:  1067  A$modbus$2766                    
       0C:  1068  A$modbus$2767                    
       0C:  106A  A$modbus$2768                    
       0C:  106C  A$modbus$2769                    
       0C:  106E  A$modbus$2773                    
       0C:  106E  C$modbus.c$279$1$1               
       0C:  1070  A$modbus$2774                    
       0C:  1072  A$modbus$2775                    
       0C:  1074  A$modbus$2778                    
       0C:  1074  C$modbus.c$280$1$1               
       0C:  1074  XG$MrtuWr$0$0                    
       0C:  1075  __gptrput                        
       0C:  1099  _vprintf                         
       0C:  10B3  _printf                          
       0C:  1176  __print_format                   
       0C:  166A  _strlen                          
       0C:  1682  __gptrget                        
       0C:  169E  __sdcc_external_startup          

ASxxxx Linker V02.00 + NoICE + sdld,  page 94.
Hexadecimal

Area                               Addr   Size   Decimal Bytes (Attributes)
--------------------------------   ----   ----   ------- ----- ------------
CONST                              16A2   0229 =    553. bytes (REL,CON,CODE)

      Value  Global                              Global Defined In Module
      -----  ---------------------------------   ------------------------
       0C:  16A2  Fmain$_str_0$0$0                 
       0C:  16C0  G$tabCRCHi$0$0                   
       0C:  16C0  _tabCRCHi                        
       0C:  17C0  G$tabCRCLo$0$0                   
       0C:  17C0  _tabCRCLo                        

ASxxxx Linker V02.00 + NoICE + sdld,  page 95.
Hexadecimal

Area                               Addr   Size   Decimal Bytes (Attributes)
--------------------------------   ----   ----   ------- ----- ------------
XINIT                              18CB   0000 =      0. bytes (REL,CON,CODE)

      Value  Global                              Global Defined In Module
      -----  ---------------------------------   ------------------------
ASxxxx Linker V02.00 + NoICE + sdld,  page 96.

Files Linked                              [ module(s) ]

main.rel                                  [ 
adc.rel                                   [ 
lcd.rel                                   [ 
ledbar.rel                                [ 
modbus.rel                                [ 


Libraries Linked                          [ object file ]

C:\PROGRAM FILES (X86)\SDCC\BIN\..\lib\s  [ crtclear.rel ]
C:\PROGRAM FILES (X86)\SDCC\BIN\..\lib\s  [ crtxinit.rel ]
C:\PROGRAM FILES (X86)\SDCC\BIN\..\lib\s  [ _gptrput.rel ]
C:\PROGRAM FILES (X86)\SDCC\BIN\..\lib\s  [ crtxclear.rel ]
C:\PROGRAM FILES (X86)\SDCC\BIN\..\lib\s  [ vprintf.rel ]
C:\PROGRAM FILES (X86)\SDCC\BIN\..\lib\s  [ /0               ]
C:\PROGRAM FILES (X86)\SDCC\BIN\..\lib\s  [ crtpagesfr.rel ]
C:\PROGRAM FILES (X86)\SDCC\BIN\..\lib\s  [ _strlen.rel ]
C:\PROGRAM FILES (X86)\SDCC\BIN\..\lib\s  [ crtstart.rel ]
C:\PROGRAM FILES (X86)\SDCC\BIN\..\lib\s  [ _gptrget.rel ]
C:\PROGRAM FILES (X86)\SDCC\BIN\..\lib\s  [ _startup.rel ]
C:\PROGRAM FILES (X86)\SDCC\BIN\..\lib\s  [ _bp.rel ]

ASxxxx Linker V02.00 + NoICE + sdld,  page 97.

User Base Address Definitions

HOME = 0x0000
ISEG = 0x0000
BSEG = 0x0000

